workflow:   Build Android APK
run_id:     36054960995
conclusion: success
url:        https://github.com/Goyimaticax1/vhs/actions/runs/36054960995
captured:   2026-09-24T20:28:42Z

===== 0_build.txt =====
2026-09-24T20:28:16.1834743Z ADDING: res/drawable-mdpi-v4/notification_bg_normal.9.png
2026-09-24T20:28:16.1835652Z ADDING: res/drawable-mdpi-v4/notification_bg_normal_pressed.9.png
2026-09-24T20:28:16.1836652Z ADDING: res/drawable-mdpi-v4/notify_panel_notification_icon_bg.png
2026-09-24T20:28:16.1837564Z ADDING: res/drawable-v21/notification_action_background.xml
2026-09-24T20:28:16.1838361Z ADDING: res/drawable-v23/compat_splash_screen.xml
2026-09-24T20:28:16.1839217Z ADDING: res/drawable-v23/compat_splash_screen_no_icon_background.xml
2026-09-24T20:28:16.1840263Z ADDING: res/drawable-xhdpi-v4/notification_bg_low_normal.9.png
2026-09-24T20:28:16.1841200Z ADDING: res/drawable-xhdpi-v4/notification_bg_low_pressed.9.png
2026-09-24T20:28:16.1842061Z ADDING: res/drawable-xhdpi-v4/notification_bg_normal.9.png
2026-09-24T20:28:16.1842956Z ADDING: res/drawable-xhdpi-v4/notification_bg_normal_pressed.9.png
2026-09-24T20:28:16.1844163Z ADDING: res/drawable-xhdpi-v4/notify_panel_notification_icon_bg.png
2026-09-24T20:28:16.1844931Z ADDING: res/drawable/icon_background.xml
2026-09-24T20:28:16.1845554Z ADDING: res/drawable/notification_bg.xml
2026-09-24T20:28:16.1846177Z ADDING: res/drawable/notification_bg_low.xml
2026-09-24T20:28:16.1846904Z ADDING: res/drawable/notification_icon_background.xml
2026-09-24T20:28:16.1854335Z ADDING: res/drawable/notification_tile_bg.xml
2026-09-24T20:28:16.1855087Z ADDING: res/drawable/splash_branding_image.webp
2026-09-24T20:28:16.1855749Z ADDING: res/drawable/splash_icon.webp
2026-09-24T20:28:16.1856393Z ADDING: res/layout-v21/notification_action.xml
2026-09-24T20:28:16.1857152Z ADDING: res/layout-v21/notification_action_tombstone.xml
2026-09-24T20:28:16.1857985Z ADDING: res/layout-v21/notification_template_custom_big.xml
2026-09-24T20:28:16.1858812Z ADDING: res/layout-v21/notification_template_icon_group.xml
2026-09-24T20:28:16.1859517Z ADDING: res/layout/custom_dialog.xml
2026-09-24T20:28:16.1860147Z ADDING: res/layout/godot_app_layout.xml
2026-09-24T20:28:16.1860935Z ADDING: res/layout/notification_template_part_chronometer.xml
2026-09-24T20:28:16.1861761Z ADDING: res/layout/notification_template_part_time.xml
2026-09-24T20:28:16.1862465Z ADDING: res/layout/remote_godot_fragment_layout.xml
2026-09-24T20:28:16.1863298Z ADDING: res/layout/snackbar.xml
2026-09-24T20:28:16.1863879Z ADDING: res/layout/splash_screen_view.xml
2026-09-24T20:28:16.1864458Z ADDING: res/mipmap-anydpi-v26/icon.xml
2026-09-24T20:28:16.1865003Z ADDING: res/mipmap-hdpi-v4/icon.webp
2026-09-24T20:28:16.1865626Z ADDING: res/mipmap-hdpi-v4/icon_background.webp
2026-09-24T20:28:16.1866342Z ADDING: res/mipmap-hdpi-v4/icon_foreground.webp
2026-09-24T20:28:16.1867358Z ADDING: res/mipmap-hdpi-v4/icon_monochrome.webp
2026-09-24T20:28:16.1868028Z ADDING: res/mipmap-mdpi-v4/icon.webp
2026-09-24T20:28:16.1868680Z ADDING: res/mipmap-mdpi-v4/icon_background.webp
2026-09-24T20:28:16.1869384Z ADDING: res/mipmap-mdpi-v4/icon_foreground.webp
2026-09-24T20:28:16.1870293Z ADDING: res/mipmap-mdpi-v4/icon_monochrome.webp
2026-09-24T20:28:16.1870951Z ADDING: res/mipmap-xhdpi-v4/icon.webp
2026-09-24T20:28:16.1871635Z ADDING: res/mipmap-xhdpi-v4/icon_background.webp
2026-09-24T20:28:16.1872363Z ADDING: res/mipmap-xhdpi-v4/icon_foreground.webp
2026-09-24T20:28:16.1873275Z ADDING: res/mipmap-xhdpi-v4/icon_monochrome.webp
2026-09-24T20:28:16.1873984Z ADDING: res/mipmap-xxhdpi-v4/icon.webp
2026-09-24T20:28:16.1874689Z ADDING: res/mipmap-xxhdpi-v4/icon_background.webp
2026-09-24T20:28:16.1875420Z ADDING: res/mipmap-xxhdpi-v4/icon_foreground.webp
2026-09-24T20:28:16.1876153Z ADDING: res/mipmap-xxhdpi-v4/icon_monochrome.webp
2026-09-24T20:28:16.1876828Z ADDING: res/mipmap-xxxhdpi-v4/icon.webp
2026-09-24T20:28:16.1877517Z ADDING: res/mipmap-xxxhdpi-v4/icon_background.webp
2026-09-24T20:28:16.1878235Z ADDING: res/mipmap-xxxhdpi-v4/icon_foreground.webp
2026-09-24T20:28:16.1878958Z ADDING: res/mipmap-xxxhdpi-v4/icon_monochrome.webp
2026-09-24T20:28:16.1879567Z ADDING: res/mipmap/icon.webp
2026-09-24T20:28:16.1880112Z ADDING: res/mipmap/icon_background.webp
2026-09-24T20:28:16.1880724Z ADDING: res/mipmap/icon_foreground.webp
2026-09-24T20:28:16.1881310Z ADDING: res/mipmap/icon_monochrome.webp
2026-09-24T20:28:16.1881935Z ADDING: res/xml/godot_provider_paths.xml
2026-09-24T20:28:16.1882486Z ADDING: resources.arsc
2026-09-24T20:28:16.1882952Z ADDING: DebugProbesKt.bin
2026-09-24T20:28:16.1883763Z ADDING: META-INF/androidx.activity_activity.version
2026-09-24T20:28:16.1884678Z ADDING: META-INF/androidx.annotation_annotation-experimental.version
2026-09-24T20:28:16.1885587Z ADDING: META-INF/androidx.arch.core_core-runtime.version
2026-09-24T20:28:16.1886324Z ADDING: META-INF/androidx.core_core-ktx.version
2026-09-24T20:28:16.1887087Z ADDING: META-INF/androidx.core_core-splashscreen.version
2026-09-24T20:28:16.1887796Z ADDING: META-INF/androidx.core_core.version
2026-09-24T20:28:16.1888504Z ADDING: META-INF/androidx.customview_customview.version
2026-09-24T20:28:16.1889338Z ADDING: META-INF/androidx.documentfile_documentfile.version
2026-09-24T20:28:16.1890122Z ADDING: META-INF/androidx.fragment_fragment.version
2026-09-24T20:28:16.1890999Z ADDING: META-INF/androidx.lifecycle_lifecycle-livedata-core.version
2026-09-24T20:28:16.1891911Z ADDING: META-INF/androidx.lifecycle_lifecycle-livedata.version
2026-09-24T20:28:16.1892710Z ADDING: META-INF/androidx.lifecycle_lifecycle-runtime.version
2026-09-24T20:28:16.1893929Z ADDING: META-INF/androidx.lifecycle_lifecycle-viewmodel-savedstate.version
2026-09-24T20:28:16.1894950Z ADDING: META-INF/androidx.lifecycle_lifecycle-viewmodel.version
2026-09-24T20:28:16.1895732Z ADDING: META-INF/androidx.loader_loader.version
2026-09-24T20:28:16.1896583Z ADDING: META-INF/androidx.profileinstaller_profileinstaller.version
2026-09-24T20:28:16.1897454Z ADDING: META-INF/androidx.savedstate_savedstate.version
2026-09-24T20:28:16.1898256Z ADDING: META-INF/androidx.startup_startup-runtime.version
2026-09-24T20:28:16.1899017Z ADDING: META-INF/androidx.tracing_tracing.version
2026-09-24T20:28:16.1934339Z ADDING: META-INF/androidx.versionedparcelable_versionedparcelable.version
2026-09-24T20:28:16.1935333Z ADDING: META-INF/androidx.viewpager_viewpager.version
2026-09-24T20:28:16.1936080Z ADDING: META-INF/kotlinx_coroutines_android.version
2026-09-24T20:28:16.1936769Z ADDING: META-INF/kotlinx_coroutines_core.version
2026-09-24T20:28:16.1937640Z ADDING: META-INF/services/kotlinx.coroutines.CoroutineExceptionHandler
2026-09-24T20:28:16.1938699Z ADDING: META-INF/services/kotlinx.coroutines.internal.MainDispatcherFactory
2026-09-24T20:28:16.1939579Z ADDING: META-INF/versions/9/OSGI-INF/MANIFEST.MF
2026-09-24T20:28:16.1940290Z ADDING: kotlin/annotation/annotation.kotlin_builtins
2026-09-24T20:28:16.1941266Z ADDING: kotlin/collections/collections.kotlin_builtins
2026-09-24T20:28:16.1942083Z ADDING: kotlin/concurrent/atomics/atomics.kotlin_builtins
2026-09-24T20:28:16.1942912Z ADDING: kotlin/coroutines/coroutines.kotlin_builtins
2026-09-24T20:28:16.1944106Z ADDING: kotlin/internal/internal.kotlin_builtins
2026-09-24T20:28:16.1944737Z ADDING: kotlin/kotlin.kotlin_builtins
2026-09-24T20:28:16.1945410Z ADDING: kotlin/ranges/ranges.kotlin_builtins
2026-09-24T20:28:16.1946064Z ADDING: kotlin/reflect/reflect.kotlin_builtins
2026-09-24T20:28:16.1947065Z [   0% ] [90m[1mexport[22m | Adding files...[39m[0m
2026-09-24T20:28:16.2722332Z [  99% ] [90m[1mexport[22m | Aligning APK...[39m[0m
2026-09-24T20:28:16.4364562Z [92m[ DONE ][39m [1mexport[22m
2026-09-24T20:28:16.4365108Z [0m
2026-09-24T20:28:17.0164773Z cannot connect to daemon at tcp:5037: Connection refused
2026-09-24T20:28:17.1859902Z total 55M
2026-09-24T20:28:17.1860701Z -rw-r--r-- 1 runner runner 55M Sep 24 20:28 vhs-camcorder-unsigned.apk
2026-09-24T20:28:17.1892191Z ##[group]Run set -euo pipefail
2026-09-24T20:28:17.1892522Z [36;1mset -euo pipefail[0m
2026-09-24T20:28:17.1892901Z [36;1mBUILD_TOOLS="$(ls -d "$ANDROID_HOME"/build-tools/* | sort -V | tail -1)"[0m
2026-09-24T20:28:17.1893641Z [36;1mecho "Using $BUILD_TOOLS"[0m
2026-09-24T20:28:17.1893914Z [36;1mkeytool -genkeypair -v \[0m
2026-09-24T20:28:17.1894193Z [36;1m  -keystore /tmp/debug.keystore \[0m
2026-09-24T20:28:17.1894526Z [36;1m  -storepass android -keypass android \[0m
2026-09-24T20:28:17.1894831Z [36;1m  -alias androiddebugkey \[0m
2026-09-24T20:28:17.1895129Z [36;1m  -keyalg RSA -keysize 2048 -validity 10000 \[0m
2026-09-24T20:28:17.1895466Z [36;1m  -dname "CN=Android Debug,O=Android,C=US"[0m
2026-09-24T20:28:17.1895779Z [36;1m"$BUILD_TOOLS/zipalign" -p -f 4 \[0m
2026-09-24T20:28:17.1896102Z [36;1m  "project/build/$EXPORT_NAME-unsigned.apk" \[0m
2026-09-24T20:28:17.1896422Z [36;1m  "project/build/$EXPORT_NAME.apk"[0m
2026-09-24T20:28:17.1896751Z [36;1m"$BUILD_TOOLS/apksigner" sign \[0m
2026-09-24T20:28:17.1897028Z [36;1m  --ks /tmp/debug.keystore \[0m
2026-09-24T20:28:17.1897347Z [36;1m  --ks-pass pass:android --key-pass pass:android \[0m
2026-09-24T20:28:17.1897710Z [36;1m  --ks-key-alias androiddebugkey \[0m
2026-09-24T20:28:17.1898003Z [36;1m  "project/build/$EXPORT_NAME.apk"[0m
2026-09-24T20:28:17.1898420Z [36;1m"$BUILD_TOOLS/apksigner" verify --print-certs "project/build/$EXPORT_NAME.apk"[0m
2026-09-24T20:28:17.1961603Z shell: /usr/bin/bash -e {0}
2026-09-24T20:28:17.1961852Z env:
2026-09-24T20:28:17.1962045Z   GODOT_VERSION: 4.7.2
2026-09-24T20:28:17.1962278Z   EXPORT_NAME: vhs-camcorder
2026-09-24T20:28:17.1962645Z   JAVA_HOME: /opt/hostedtoolcache/Java_Temurin-Hotspot_jdk/17.0.20-1/x64
2026-09-24T20:28:17.1963450Z   JAVA_HOME_17_X64: /opt/hostedtoolcache/Java_Temurin-Hotspot_jdk/17.0.20-1/x64
2026-09-24T20:28:17.1963876Z   ANDROID_HOME: /usr/local/lib/android/sdk
2026-09-24T20:28:17.1964170Z   ANDROID_SDK_ROOT: /usr/local/lib/android/sdk
2026-09-24T20:28:17.1964451Z ##[endgroup]
2026-09-24T20:28:17.2075255Z Using /usr/local/lib/android/sdk/build-tools/37.0.0
2026-09-24T20:28:17.6599509Z Generating 2,048 bit RSA key pair and self-signed certificate (SHA256withRSA) with a validity of 10,000 days
2026-09-24T20:28:17.6601035Z 	for: CN=Android Debug, O=Android, C=US
2026-09-24T20:28:17.7799696Z [Storing /tmp/debug.keystore]
2026-09-24T20:28:19.9351979Z V3.0 Signer: certificate DN: CN=Android Debug, O=Android, C=US
2026-09-24T20:28:19.9355609Z V3.0 Signer: certificate SHA-256 digest: ba85c0be8e7764953835e3ab441eb5beda2fded09e06dd735076d98a2d847aa8
2026-09-24T20:28:19.9358044Z V3.0 Signer: certificate SHA-1 digest: 66b84965909710ea613bff13a00b9ed5751ec688
2026-09-24T20:28:19.9362674Z V3.0 Signer: certificate MD5 digest: 21d229e83af8273175f50a1329f16d68
2026-09-24T20:28:19.9478594Z ##[group]Run actions/upload-artifact@v4
2026-09-24T20:28:19.9478891Z with:
2026-09-24T20:28:19.9479097Z   name: vhs-camcorder-apk
2026-09-24T20:28:19.9479366Z   path: project/build/vhs-camcorder.apk
2026-09-24T20:28:19.9479650Z   if-no-files-found: error
2026-09-24T20:28:19.9479886Z   retention-days: 30
2026-09-24T20:28:19.9480106Z   compression-level: 6
2026-09-24T20:28:19.9480323Z   overwrite: false
2026-09-24T20:28:19.9480718Z   include-hidden-files: false
2026-09-24T20:28:19.9480958Z env:
2026-09-24T20:28:19.9481141Z   GODOT_VERSION: 4.7.2
2026-09-24T20:28:19.9481357Z   EXPORT_NAME: vhs-camcorder
2026-09-24T20:28:19.9481704Z   JAVA_HOME: /opt/hostedtoolcache/Java_Temurin-Hotspot_jdk/17.0.20-1/x64
2026-09-24T20:28:19.9482195Z   JAVA_HOME_17_X64: /opt/hostedtoolcache/Java_Temurin-Hotspot_jdk/17.0.20-1/x64
2026-09-24T20:28:19.9482595Z   ANDROID_HOME: /usr/local/lib/android/sdk
2026-09-24T20:28:19.9482895Z   ANDROID_SDK_ROOT: /usr/local/lib/android/sdk
2026-09-24T20:28:19.9483619Z ##[endgroup]
2026-09-24T20:28:20.1141527Z (node:2718) [DEP0040] DeprecationWarning: The `punycode` module is deprecated. Please use a userland alternative instead.
2026-09-24T20:28:20.1142363Z (Use `node --trace-deprecation ...` to show where the warning was created)
2026-09-24T20:28:20.1189356Z With the provided path, there will be 1 file uploaded
2026-09-24T20:28:20.1196313Z Artifact name is valid!
2026-09-24T20:28:20.1197179Z Root directory input is valid!
2026-09-24T20:28:20.3461852Z Beginning upload of artifact content to blob storage
2026-09-24T20:28:20.6361700Z (node:2718) [DEP0169] DeprecationWarning: `url.parse()` behavior is not standardized and prone to errors that have security implications. Use the WHATWG URL API instead. CVEs are not issued for `url.parse()` vulnerabilities.
2026-09-24T20:28:20.8083681Z Uploaded bytes 8388608
2026-09-24T20:28:20.9901107Z Uploaded bytes 16777216
2026-09-24T20:28:21.2388311Z Uploaded bytes 25165824
2026-09-24T20:28:21.5238675Z Uploaded bytes 33554432
2026-09-24T20:28:21.8030098Z Uploaded bytes 41943040
2026-09-24T20:28:22.0859319Z Uploaded bytes 50331648
2026-09-24T20:28:22.2058711Z Uploaded bytes 56631708
2026-09-24T20:28:22.2248357Z Finished uploading artifact content to blob storage!
2026-09-24T20:28:22.2251692Z SHA256 digest of uploaded artifact zip is 576939ce9cb27edfb5354b4c35035d23485468c85086d93e3fb6104e90c1ec75
2026-09-24T20:28:22.2254263Z Finalizing artifact upload
2026-09-24T20:28:22.4154297Z Artifact vhs-camcorder-apk.zip successfully finalized. Artifact ID 10831703411
2026-09-24T20:28:22.4155846Z Artifact vhs-camcorder-apk has been successfully uploaded! Final size is 56631708 bytes. Artifact ID is 10831703411
2026-09-24T20:28:22.4165433Z Artifact download URL: https://github.com/Goyimaticax1/vhs/actions/runs/36054960995/artifacts/10831703411
2026-09-24T20:28:22.4336618Z Post job cleanup.
2026-09-24T20:28:22.5451631Z (node:2730) [DEP0040] DeprecationWarning: The `punycode` module is deprecated. Please use a userland alternative instead.
2026-09-24T20:28:22.5453346Z (Use `node --trace-deprecation ...` to show where the warning was created)
2026-09-24T20:28:22.5626250Z [command]/usr/bin/tar --posix -cf cache.tzst --exclude cache.tzst -P -C /home/runner/work/vhs/vhs --files-from manifest.txt --use-compress-program zstdmt
2026-09-24T20:28:27.3646531Z (node:2730) [DEP0169] DeprecationWarning: `url.parse()` behavior is not standardized and prone to errors that have security implications. Use the WHATWG URL API instead. CVEs are not issued for `url.parse()` vulnerabilities.
2026-09-24T20:28:28.3481790Z Sent 0 of 1339000842 (0.0%), 0.0 MBs/sec
2026-09-24T20:28:29.3484499Z Sent 603979776 of 1339000842 (45.1%), 287.9 MBs/sec
2026-09-24T20:28:30.3505144Z Sent 1140850688 of 1339000842 (85.2%), 362.5 MBs/sec
2026-09-24T20:28:30.6101068Z Sent 1339000842 of 1339000842 (100.0%), 391.5 MBs/sec
2026-09-24T20:28:30.7873522Z Cache saved with key: godot-4.7.2-linux-x86_64
2026-09-24T20:28:30.8056343Z Post job cleanup.
2026-09-24T20:28:30.9403579Z (node:2751) [DEP0040] DeprecationWarning: The `punycode` module is deprecated. Please use a userland alternative instead.
2026-09-24T20:28:30.9404990Z (Use `node --trace-deprecation ...` to show where the warning was created)
2026-09-24T20:28:30.9626617Z Post job cleanup.
2026-09-24T20:28:31.0575101Z [command]/usr/bin/git version
2026-09-24T20:28:31.0619274Z git version 2.55.0
2026-09-24T20:28:31.0661647Z Temporarily overriding HOME='/home/runner/work/_temp/f7fe2f65-d70c-4855-89ce-e824e4b8a4a6' before making global git config changes
2026-09-24T20:28:31.0664152Z Adding repository directory to the temporary git global config as a safe directory
2026-09-24T20:28:31.0667879Z [command]/usr/bin/git config --global --add safe.directory /home/runner/work/vhs/vhs
2026-09-24T20:28:31.0711004Z [command]/usr/bin/git config --local --name-only --get-regexp core\.sshCommand
2026-09-24T20:28:31.0756633Z [command]/usr/bin/git submodule foreach --recursive sh -c "git config --local --name-only --get-regexp 'core\.sshCommand' && git config --local --unset-all 'core.sshCommand' || :"
2026-09-24T20:28:31.1015677Z [command]/usr/bin/git config --local --name-only --get-regexp http\.https\:\/\/github\.com\/\.extraheader
2026-09-24T20:28:31.1042711Z http.https://github.com/.extraheader
2026-09-24T20:28:31.1061649Z [command]/usr/bin/git config --local --unset-all http.https://github.com/.extraheader
2026-09-24T20:28:31.1112999Z [command]/usr/bin/git submodule foreach --recursive sh -c "git config --local --name-only --get-regexp 'http\.https\:\/\/github\.com\/\.extraheader' && git config --local --unset-all 'http.https://github.com/.extraheader' || :"
2026-09-24T20:28:31.1383410Z [command]/usr/bin/git config --local --name-only --get-regexp ^includeIf\.gitdir:
2026-09-24T20:28:31.1418776Z [command]/usr/bin/git submodule foreach --recursive git config --local --show-origin --name-only --get-regexp remote.origin.url
2026-09-24T20:28:31.1825205Z Cleaning up orphan processes
2026-09-24T20:28:31.2251880Z ##[warning]Node.js 20 is deprecated. The following actions target Node.js 20 but are being forced to run on Node.js 24: actions/cache@v4, actions/checkout@v4, actions/setup-java@v4, actions/upload-artifact@v4, android-actions/setup-android@v3. For more information see: https://github.blog/changelog/2025-09-19-deprecation-of-node-20-on-github-actions-runners/

===== build/10_Align and sign APK.txt =====
﻿2026-09-24T20:28:17.1892182Z ##[group]Run set -euo pipefail
2026-09-24T20:28:17.1892519Z [36;1mset -euo pipefail[0m
2026-09-24T20:28:17.1892892Z [36;1mBUILD_TOOLS="$(ls -d "$ANDROID_HOME"/build-tools/* | sort -V | tail -1)"[0m
2026-09-24T20:28:17.1893637Z [36;1mecho "Using $BUILD_TOOLS"[0m
2026-09-24T20:28:17.1893912Z [36;1mkeytool -genkeypair -v \[0m
2026-09-24T20:28:17.1894190Z [36;1m  -keystore /tmp/debug.keystore \[0m
2026-09-24T20:28:17.1894523Z [36;1m  -storepass android -keypass android \[0m
2026-09-24T20:28:17.1894828Z [36;1m  -alias androiddebugkey \[0m
2026-09-24T20:28:17.1895127Z [36;1m  -keyalg RSA -keysize 2048 -validity 10000 \[0m
2026-09-24T20:28:17.1895464Z [36;1m  -dname "CN=Android Debug,O=Android,C=US"[0m
2026-09-24T20:28:17.1895777Z [36;1m"$BUILD_TOOLS/zipalign" -p -f 4 \[0m
2026-09-24T20:28:17.1896100Z [36;1m  "project/build/$EXPORT_NAME-unsigned.apk" \[0m
2026-09-24T20:28:17.1896420Z [36;1m  "project/build/$EXPORT_NAME.apk"[0m
2026-09-24T20:28:17.1896707Z [36;1m"$BUILD_TOOLS/apksigner" sign \[0m
2026-09-24T20:28:17.1897026Z [36;1m  --ks /tmp/debug.keystore \[0m
2026-09-24T20:28:17.1897345Z [36;1m  --ks-pass pass:android --key-pass pass:android \[0m
2026-09-24T20:28:17.1897702Z [36;1m  --ks-key-alias androiddebugkey \[0m
2026-09-24T20:28:17.1898001Z [36;1m  "project/build/$EXPORT_NAME.apk"[0m
2026-09-24T20:28:17.1898418Z [36;1m"$BUILD_TOOLS/apksigner" verify --print-certs "project/build/$EXPORT_NAME.apk"[0m
2026-09-24T20:28:17.1961598Z shell: /usr/bin/bash -e {0}
2026-09-24T20:28:17.1961850Z env:
2026-09-24T20:28:17.1962043Z   GODOT_VERSION: 4.7.2
2026-09-24T20:28:17.1962275Z   EXPORT_NAME: vhs-camcorder
2026-09-24T20:28:17.1962642Z   JAVA_HOME: /opt/hostedtoolcache/Java_Temurin-Hotspot_jdk/17.0.20-1/x64
2026-09-24T20:28:17.1963445Z   JAVA_HOME_17_X64: /opt/hostedtoolcache/Java_Temurin-Hotspot_jdk/17.0.20-1/x64
2026-09-24T20:28:17.1963874Z   ANDROID_HOME: /usr/local/lib/android/sdk
2026-09-24T20:28:17.1964168Z   ANDROID_SDK_ROOT: /usr/local/lib/android/sdk
2026-09-24T20:28:17.1964440Z ##[endgroup]
2026-09-24T20:28:17.2075239Z Using /usr/local/lib/android/sdk/build-tools/37.0.0
2026-09-24T20:28:17.6599468Z Generating 2,048 bit RSA key pair and self-signed certificate (SHA256withRSA) with a validity of 10,000 days
2026-09-24T20:28:17.6601029Z 	for: CN=Android Debug, O=Android, C=US
2026-09-24T20:28:17.7799654Z [Storing /tmp/debug.keystore]
2026-09-24T20:28:19.9351939Z V3.0 Signer: certificate DN: CN=Android Debug, O=Android, C=US
2026-09-24T20:28:19.9355599Z V3.0 Signer: certificate SHA-256 digest: ba85c0be8e7764953835e3ab441eb5beda2fded09e06dd735076d98a2d847aa8
2026-09-24T20:28:19.9358036Z V3.0 Signer: certificate SHA-1 digest: 66b84965909710ea613bff13a00b9ed5751ec688
2026-09-24T20:28:19.9362666Z V3.0 Signer: certificate MD5 digest: 21d229e83af8273175f50a1329f16d68

===== build/11_Upload APK.txt =====
﻿2026-09-24T20:28:19.9478585Z ##[group]Run actions/upload-artifact@v4
2026-09-24T20:28:19.9478888Z with:
2026-09-24T20:28:19.9479094Z   name: vhs-camcorder-apk
2026-09-24T20:28:19.9479364Z   path: project/build/vhs-camcorder.apk
2026-09-24T20:28:19.9479648Z   if-no-files-found: error
2026-09-24T20:28:19.9479884Z   retention-days: 30
2026-09-24T20:28:19.9480104Z   compression-level: 6
2026-09-24T20:28:19.9480321Z   overwrite: false
2026-09-24T20:28:19.9480715Z   include-hidden-files: false
2026-09-24T20:28:19.9480950Z env:
2026-09-24T20:28:19.9481138Z   GODOT_VERSION: 4.7.2
2026-09-24T20:28:19.9481356Z   EXPORT_NAME: vhs-camcorder
2026-09-24T20:28:19.9481701Z   JAVA_HOME: /opt/hostedtoolcache/Java_Temurin-Hotspot_jdk/17.0.20-1/x64
2026-09-24T20:28:19.9482193Z   JAVA_HOME_17_X64: /opt/hostedtoolcache/Java_Temurin-Hotspot_jdk/17.0.20-1/x64
2026-09-24T20:28:19.9482592Z   ANDROID_HOME: /usr/local/lib/android/sdk
2026-09-24T20:28:19.9482893Z   ANDROID_SDK_ROOT: /usr/local/lib/android/sdk
2026-09-24T20:28:19.9483554Z ##[endgroup]
2026-09-24T20:28:20.1141488Z (node:2718) [DEP0040] DeprecationWarning: The `punycode` module is deprecated. Please use a userland alternative instead.
2026-09-24T20:28:20.1142360Z (Use `node --trace-deprecation ...` to show where the warning was created)
2026-09-24T20:28:20.1189342Z With the provided path, there will be 1 file uploaded
2026-09-24T20:28:20.1196287Z Artifact name is valid!
2026-09-24T20:28:20.1197171Z Root directory input is valid!
2026-09-24T20:28:20.3461826Z Beginning upload of artifact content to blob storage
2026-09-24T20:28:20.6361658Z (node:2718) [DEP0169] DeprecationWarning: `url.parse()` behavior is not standardized and prone to errors that have security implications. Use the WHATWG URL API instead. CVEs are not issued for `url.parse()` vulnerabilities.
2026-09-24T20:28:20.8083639Z Uploaded bytes 8388608
2026-09-24T20:28:20.9901066Z Uploaded bytes 16777216
2026-09-24T20:28:21.2388276Z Uploaded bytes 25165824
2026-09-24T20:28:21.5238639Z Uploaded bytes 33554432
2026-09-24T20:28:21.8030030Z Uploaded bytes 41943040
2026-09-24T20:28:22.0859282Z Uploaded bytes 50331648
2026-09-24T20:28:22.2058676Z Uploaded bytes 56631708
2026-09-24T20:28:22.2248330Z Finished uploading artifact content to blob storage!
2026-09-24T20:28:22.2251682Z SHA256 digest of uploaded artifact zip is 576939ce9cb27edfb5354b4c35035d23485468c85086d93e3fb6104e90c1ec75
2026-09-24T20:28:22.2254256Z Finalizing artifact upload
2026-09-24T20:28:22.4154258Z Artifact vhs-camcorder-apk.zip successfully finalized. Artifact ID 10831703411
2026-09-24T20:28:22.4155837Z Artifact vhs-camcorder-apk has been successfully uploaded! Final size is 56631708 bytes. Artifact ID is 10831703411
2026-09-24T20:28:22.4165409Z Artifact download URL: https://github.com/Goyimaticax1/vhs/actions/runs/36054960995/artifacts/10831703411

===== build/1_Set up job.txt =====
﻿2026-09-24T20:27:17.4432973Z Current runner version: '2.337.0'
2026-09-24T20:27:17.4460986Z ##[group]Runner Image Provisioner
2026-09-24T20:27:17.4462251Z Hosted Compute Agent
2026-09-24T20:27:17.4463438Z Version: 20260828.587
2026-09-24T20:27:17.4464522Z Commit: abac92662cab4cc7352de4f9f9d2e2419aad9c29
2026-09-24T20:27:17.4465336Z Build Date: 2026-08-28T16:44:25Z
2026-09-24T20:27:17.4466009Z Worker ID: {5f220ae2-4ded-47c9-90ed-228678daa805}
2026-09-24T20:27:17.4466810Z Azure Region: eastus
2026-09-24T20:27:17.4467373Z ##[endgroup]
2026-09-24T20:27:17.4469075Z ##[group]Operating System
2026-09-24T20:27:17.4470227Z Ubuntu
2026-09-24T20:27:17.4471105Z 24.04.5
2026-09-24T20:27:17.4472788Z LTS
2026-09-24T20:27:17.4474027Z ##[endgroup]
2026-09-24T20:27:17.4475154Z ##[group]Runner Image
2026-09-24T20:27:17.4476364Z Image: ubuntu-24.04
2026-09-24T20:27:17.4477362Z Version: 20260920.314.1
2026-09-24T20:27:17.4479434Z Included Software: https://github.com/actions/runner-images/blob/ubuntu24/20260920.314/images/ubuntu/Ubuntu2404-Readme.md
2026-09-24T20:27:17.4482477Z Image Release: https://github.com/actions/runner-images/releases/tag/ubuntu24%2F20260920.314
2026-09-24T20:27:17.4484595Z ##[endgroup]
2026-09-24T20:27:17.4486616Z ##[group]GITHUB_TOKEN Permissions
2026-09-24T20:27:17.4489037Z Contents: read
2026-09-24T20:27:17.4489667Z Metadata: read
2026-09-24T20:27:17.4490386Z Packages: read
2026-09-24T20:27:17.4490936Z ##[endgroup]
2026-09-24T20:27:17.4493008Z Secret source: Actions
2026-09-24T20:27:17.4494375Z Cache mode: write
2026-09-24T20:27:17.4495414Z Prepare workflow directory
2026-09-24T20:27:17.4894113Z Prepare all required actions
2026-09-24T20:27:17.4941390Z Getting action download info
2026-09-24T20:27:17.7608725Z Download action repository 'actions/checkout@v4' (SHA:11d5960a326750d5838078e36cf38b85af677262)
2026-09-24T20:27:17.8531193Z Download action repository 'actions/setup-java@v4' (SHA:cf277c60eb25467037889841efdb72551f06f6c3)
2026-09-24T20:27:18.0880953Z Download action repository 'android-actions/setup-android@v3' (SHA:9fc6c4e9069bf8d3d10b2204b1fb8f6ef7065407)
2026-09-24T20:27:18.1906743Z Download action repository 'actions/cache@v4' (SHA:0057852bfaa89a56745cba8c7296529d2fc39830)
2026-09-24T20:27:18.2915164Z Download action repository 'actions/upload-artifact@v4' (SHA:ea165f8d65b6e75b540449e92b4886f43607fa02)
2026-09-24T20:27:18.5159635Z Complete job name: build

===== build/20_Post Cache Godot 4.7.2.txt =====
﻿2026-09-24T20:28:22.4336607Z Post job cleanup.
2026-09-24T20:28:22.5451604Z (node:2730) [DEP0040] DeprecationWarning: The `punycode` module is deprecated. Please use a userland alternative instead.
2026-09-24T20:28:22.5453340Z (Use `node --trace-deprecation ...` to show where the warning was created)
2026-09-24T20:28:22.5626227Z [command]/usr/bin/tar --posix -cf cache.tzst --exclude cache.tzst -P -C /home/runner/work/vhs/vhs --files-from manifest.txt --use-compress-program zstdmt
2026-09-24T20:28:27.3646505Z (node:2730) [DEP0169] DeprecationWarning: `url.parse()` behavior is not standardized and prone to errors that have security implications. Use the WHATWG URL API instead. CVEs are not issued for `url.parse()` vulnerabilities.
2026-09-24T20:28:28.3481746Z Sent 0 of 1339000842 (0.0%), 0.0 MBs/sec
2026-09-24T20:28:29.3484453Z Sent 603979776 of 1339000842 (45.1%), 287.9 MBs/sec
2026-09-24T20:28:30.3505108Z Sent 1140850688 of 1339000842 (85.2%), 362.5 MBs/sec
2026-09-24T20:28:30.6100634Z Sent 1339000842 of 1339000842 (100.0%), 391.5 MBs/sec
2026-09-24T20:28:30.7873481Z Cache saved with key: godot-4.7.2-linux-x86_64

===== build/21_Post Set up JDK 17.txt =====
﻿2026-09-24T20:28:30.8056332Z Post job cleanup.
2026-09-24T20:28:30.9403542Z (node:2751) [DEP0040] DeprecationWarning: The `punycode` module is deprecated. Please use a userland alternative instead.
2026-09-24T20:28:30.9404985Z (Use `node --trace-deprecation ...` to show where the warning was created)

===== build/22_Post Checkout.txt =====
﻿2026-09-24T20:28:30.9626604Z Post job cleanup.
2026-09-24T20:28:31.0575064Z [command]/usr/bin/git version
2026-09-24T20:28:31.0619247Z git version 2.55.0
2026-09-24T20:28:31.0661629Z Temporarily overriding HOME='/home/runner/work/_temp/f7fe2f65-d70c-4855-89ce-e824e4b8a4a6' before making global git config changes
2026-09-24T20:28:31.0664143Z Adding repository directory to the temporary git global config as a safe directory
2026-09-24T20:28:31.0667862Z [command]/usr/bin/git config --global --add safe.directory /home/runner/work/vhs/vhs
2026-09-24T20:28:31.0710989Z [command]/usr/bin/git config --local --name-only --get-regexp core\.sshCommand
2026-09-24T20:28:31.0756603Z [command]/usr/bin/git submodule foreach --recursive sh -c "git config --local --name-only --get-regexp 'core\.sshCommand' && git config --local --unset-all 'core.sshCommand' || :"
2026-09-24T20:28:31.1015645Z [command]/usr/bin/git config --local --name-only --get-regexp http\.https\:\/\/github\.com\/\.extraheader
2026-09-24T20:28:31.1042444Z http.https://github.com/.extraheader
2026-09-24T20:28:31.1061631Z [command]/usr/bin/git config --local --unset-all http.https://github.com/.extraheader
2026-09-24T20:28:31.1112973Z [command]/usr/bin/git submodule foreach --recursive sh -c "git config --local --name-only --get-regexp 'http\.https\:\/\/github\.com\/\.extraheader' && git config --local --unset-all 'http.https://github.com/.extraheader' || :"
2026-09-24T20:28:31.1383370Z [command]/usr/bin/git config --local --name-only --get-regexp ^includeIf\.gitdir:
2026-09-24T20:28:31.1418754Z [command]/usr/bin/git submodule foreach --recursive git config --local --show-origin --name-only --get-regexp remote.origin.url

===== build/23_Complete job.txt =====
﻿2026-09-24T20:28:31.1825193Z Cleaning up orphan processes
2026-09-24T20:28:31.2251861Z ##[warning]Node.js 20 is deprecated. The following actions target Node.js 20 but are being forced to run on Node.js 24: actions/cache@v4, actions/checkout@v4, actions/setup-java@v4, actions/upload-artifact@v4, android-actions/setup-android@v3. For more information see: https://github.blog/changelog/2025-09-19-deprecation-of-node-20-on-github-actions-runners/

===== build/2_Checkout.txt =====
﻿2026-09-24T20:27:18.5976962Z ##[group]Run actions/checkout@v4
2026-09-24T20:27:18.5978194Z with:
2026-09-24T20:27:18.5978839Z   repository: Goyimaticax1/vhs
2026-09-24T20:27:18.5983978Z   token: ***
2026-09-24T20:27:18.5984571Z   ssh-strict: true
2026-09-24T20:27:18.5985136Z   ssh-user: git
2026-09-24T20:27:18.5985790Z   persist-credentials: true
2026-09-24T20:27:18.5986472Z   clean: true
2026-09-24T20:27:18.5987087Z   sparse-checkout-cone-mode: true
2026-09-24T20:27:18.5987791Z   fetch-depth: 1
2026-09-24T20:27:18.5988362Z   fetch-tags: false
2026-09-24T20:27:18.5989026Z   show-progress: true
2026-09-24T20:27:18.5989649Z   lfs: false
2026-09-24T20:27:18.5990242Z   submodules: false
2026-09-24T20:27:18.5990875Z   set-safe-directory: true
2026-09-24T20:27:18.5991533Z   allow-unsafe-pr-checkout: false
2026-09-24T20:27:18.5992582Z env:
2026-09-24T20:27:18.5993370Z   GODOT_VERSION: 4.7.2
2026-09-24T20:27:18.5994001Z   EXPORT_NAME: vhs-camcorder
2026-09-24T20:27:18.5994736Z ##[endgroup]
2026-09-24T20:27:18.7016387Z Syncing repository: Goyimaticax1/vhs
2026-09-24T20:27:18.7018784Z ##[group]Getting Git version info
2026-09-24T20:27:18.7019651Z Working directory is '/home/runner/work/vhs/vhs'
2026-09-24T20:27:18.7021247Z [command]/usr/bin/git version
2026-09-24T20:27:18.7100018Z git version 2.55.0
2026-09-24T20:27:18.7129915Z ##[endgroup]
2026-09-24T20:27:18.7145874Z Temporarily overriding HOME='/home/runner/work/_temp/25d6c58b-e7be-42ce-8640-7587b76876d4' before making global git config changes
2026-09-24T20:27:18.7148748Z Adding repository directory to the temporary git global config as a safe directory
2026-09-24T20:27:18.7151236Z [command]/usr/bin/git config --global --add safe.directory /home/runner/work/vhs/vhs
2026-09-24T20:27:18.7209701Z Deleting the contents of '/home/runner/work/vhs/vhs'
2026-09-24T20:27:18.7215566Z ##[group]Initializing the repository
2026-09-24T20:27:18.7219947Z [command]/usr/bin/git init /home/runner/work/vhs/vhs
2026-09-24T20:27:18.7364522Z hint: Using 'master' as the name for the initial branch. This default branch name
2026-09-24T20:27:18.7366906Z hint: will change to "main" in Git 3.0. To configure the initial branch name
2026-09-24T20:27:18.7368954Z hint: to use in all of your new repositories, which will suppress this warning,
2026-09-24T20:27:18.7370656Z hint: call:
2026-09-24T20:27:18.7371541Z hint:
2026-09-24T20:27:18.7372609Z hint: 	git config --global init.defaultBranch <name>
2026-09-24T20:27:18.7374332Z hint:
2026-09-24T20:27:18.7375601Z hint: Names commonly chosen instead of 'master' are 'main', 'trunk' and
2026-09-24T20:27:18.7377633Z hint: 'development'. The just-created branch can be renamed via this command:
2026-09-24T20:27:18.7379299Z hint:
2026-09-24T20:27:18.7380211Z hint: 	git branch -m <name>
2026-09-24T20:27:18.7381298Z hint:
2026-09-24T20:27:18.7382586Z hint: Disable this message with "git config set advice.defaultBranchName false"
2026-09-24T20:27:18.7391788Z Initialized empty Git repository in /home/runner/work/vhs/vhs/.git/
2026-09-24T20:27:18.7404589Z [command]/usr/bin/git remote add origin https://github.com/Goyimaticax1/vhs
2026-09-24T20:27:18.7473816Z ##[endgroup]
2026-09-24T20:27:18.7475863Z ##[group]Disabling automatic garbage collection
2026-09-24T20:27:18.7477781Z [command]/usr/bin/git config --local gc.auto 0
2026-09-24T20:27:18.7559924Z ##[endgroup]
2026-09-24T20:27:18.7561935Z ##[group]Setting up auth
2026-09-24T20:27:18.7566149Z [command]/usr/bin/git config --local --name-only --get-regexp core\.sshCommand
2026-09-24T20:27:18.7604668Z [command]/usr/bin/git submodule foreach --recursive sh -c "git config --local --name-only --get-regexp 'core\.sshCommand' && git config --local --unset-all 'core.sshCommand' || :"
2026-09-24T20:27:18.8022900Z [command]/usr/bin/git config --local --name-only --get-regexp http\.https\:\/\/github\.com\/\.extraheader
2026-09-24T20:27:18.8062418Z [command]/usr/bin/git submodule foreach --recursive sh -c "git config --local --name-only --get-regexp 'http\.https\:\/\/github\.com\/\.extraheader' && git config --local --unset-all 'http.https://github.com/.extraheader' || :"
2026-09-24T20:27:18.8319140Z [command]/usr/bin/git config --local --name-only --get-regexp ^includeIf\.gitdir:
2026-09-24T20:27:18.8355965Z [command]/usr/bin/git submodule foreach --recursive git config --local --show-origin --name-only --get-regexp remote.origin.url
2026-09-24T20:27:18.8579952Z [command]/usr/bin/git config --local http.https://github.com/.extraheader AUTHORIZATION: basic ***
2026-09-24T20:27:18.8619947Z ##[endgroup]
2026-09-24T20:27:18.8621422Z ##[group]Fetching the repository
2026-09-24T20:27:18.8629977Z [command]/usr/bin/git -c protocol.version=2 fetch --no-tags --prune --no-recurse-submodules --depth=1 origin +5f967c46768868d82050596337311d7f1f40141a:refs/remotes/origin/main
2026-09-24T20:27:19.1131945Z From https://github.com/Goyimaticax1/vhs
2026-09-24T20:27:19.1133890Z  * [new ref]         5f967c46768868d82050596337311d7f1f40141a -> origin/main
2026-09-24T20:27:19.1138334Z ##[endgroup]
2026-09-24T20:27:19.1140457Z ##[group]Determining the checkout info
2026-09-24T20:27:19.1142867Z ##[endgroup]
2026-09-24T20:27:19.1146042Z [command]/usr/bin/git sparse-checkout disable
2026-09-24T20:27:19.1204525Z [command]/usr/bin/git config --local --unset-all extensions.worktreeConfig
2026-09-24T20:27:19.1239401Z ##[group]Checking out the ref
2026-09-24T20:27:19.1244613Z [command]/usr/bin/git checkout --progress --force -B main refs/remotes/origin/main
2026-09-24T20:27:19.1333841Z Switched to a new branch 'main'
2026-09-24T20:27:19.1339946Z branch 'main' set up to track 'origin/main'.
2026-09-24T20:27:19.1346998Z ##[endgroup]
2026-09-24T20:27:19.1390049Z [command]/usr/bin/git log -1 --format=%H
2026-09-24T20:27:19.1418355Z 5f967c46768868d82050596337311d7f1f40141a

===== build/3_Set up JDK 17.txt =====
﻿2026-09-24T20:27:19.1834532Z ##[group]Run actions/setup-java@v4
2026-09-24T20:27:19.1835676Z with:
2026-09-24T20:27:19.1836459Z   distribution: temurin
2026-09-24T20:27:19.1837383Z   java-version: 17
2026-09-24T20:27:19.1838268Z   java-package: jdk
2026-09-24T20:27:19.1839142Z   check-latest: false
2026-09-24T20:27:19.1840032Z   server-id: github
2026-09-24T20:27:19.1840915Z   server-username: GITHUB_ACTOR
2026-09-24T20:27:19.1841964Z   server-password: GITHUB_TOKEN
2026-09-24T20:27:19.1843009Z   overwrite-settings: true
2026-09-24T20:27:19.1844162Z   job-status: success
2026-09-24T20:27:19.1854949Z   token: ***
2026-09-24T20:27:19.1855734Z env:
2026-09-24T20:27:19.1856485Z   GODOT_VERSION: 4.7.2
2026-09-24T20:27:19.1857418Z   EXPORT_NAME: vhs-camcorder
2026-09-24T20:27:19.1858396Z ##[endgroup]
2026-09-24T20:27:19.3559825Z ##[warning]setup-java v4 is deprecated and will no longer receive updates. Please migrate to actions/setup-java@v5.
2026-09-24T20:27:19.3574891Z ##[group]Installed distributions
2026-09-24T20:27:19.3819643Z Resolved Java 17.0.20+1 from tool-cache
2026-09-24T20:27:19.3832011Z (node:2219) [DEP0040] DeprecationWarning: The `punycode` module is deprecated. Please use a userland alternative instead.
2026-09-24T20:27:19.3835679Z (Use `node --trace-deprecation ...` to show where the warning was created)
2026-09-24T20:27:19.3837986Z Setting Java 17.0.20+1 as the default
2026-09-24T20:27:19.3839917Z Creating toolchains.xml for JDK version 17 from temurin
2026-09-24T20:27:19.3915261Z Writing to /home/runner/.m2/toolchains.xml
2026-09-24T20:27:19.3916596Z 
2026-09-24T20:27:19.3917075Z Java configuration:
2026-09-24T20:27:19.3917943Z   Distribution: temurin
2026-09-24T20:27:19.3918819Z   Version: 17.0.20+1
2026-09-24T20:27:19.3920379Z   Path: /opt/hostedtoolcache/Java_Temurin-Hotspot_jdk/17.0.20-1/x64
2026-09-24T20:27:19.3921564Z 
2026-09-24T20:27:19.3922888Z ##[endgroup]
2026-09-24T20:27:19.3939766Z Creating settings.xml with server-id: github
2026-09-24T20:27:19.3968273Z Writing to /home/runner/.m2/settings.xml

===== build/4_Set up Android SDK (for zipalign + apksigner).txt =====
2026-09-24T20:27:33.3521983Z 
2026-09-24T20:27:33.3522744Z 3.4 You agree that you will not take any actions that may cause or result in the fragmentation of Glass, including but not limited to distributing, participating in the creation of, or promoting in any way a software development kit derived from the GDK.
2026-09-24T20:27:33.3523842Z 
2026-09-24T20:27:33.3524488Z 3.5 Use, reproduction and distribution of components of the GDK licensed under an open source software license are governed solely by the terms of that open source software license and not this License Agreement.
2026-09-24T20:27:33.3525363Z 
2026-09-24T20:27:33.3526711Z 3.6 You agree that the form and nature of the GDK that Google provides may change without prior notice to you and that future versions of the GDK may be incompatible with applications developed on previous versions of the GDK. You agree that Google may stop (permanently or temporarily) providing the GDK (or any features within the GDK) to you or to users generally at Google's sole discretion, without prior notice to you.
2026-09-24T20:27:33.3528114Z 
2026-09-24T20:27:33.3528623Z 3.7 Nothing in this License Agreement gives you a right to use any of Google's trade names, trademarks, service marks, logos, domain names, or other distinctive brand features.
2026-09-24T20:27:33.3529231Z 
2026-09-24T20:27:33.3529784Z 3.8 You agree that you will not remove, obscure, or alter any proprietary rights notices (including copyright and trademark notices) that may be affixed to or contained within the GDK.
2026-09-24T20:27:33.3530437Z 
2026-09-24T20:27:33.3530442Z 
2026-09-24T20:27:33.3531592Z 3.9 Your use of any Android system files, packaged APIs, or other components of the GDK which are part of the Android Software Development Kit is subject to the terms of the Android Software Development Kit License Agreement located at http://developer.android.com/sdk/terms.html. These terms are hereby incorporated by reference into this License Agreement.
2026-09-24T20:27:33.3532817Z 
2026-09-24T20:27:33.3532902Z 4. Use of the GDK by You
2026-09-24T20:27:33.3533275Z 
2026-09-24T20:27:33.3534111Z 4.1 Google agrees that it obtains no right, title or interest from you (or your licensors) under this License Agreement in or to any software applications that you develop using the GDK, including any intellectual property rights that subsist in those applications.
2026-09-24T20:27:33.3535020Z 
2026-09-24T20:27:33.3536702Z 4.2 You agree to use the GDK and write applications only for purposes that are permitted by (a) this License Agreement, (b) the Glass Platform Developer Policies (located at https://developers.google.com/glass/policies, and hereby incorporated into this License Agreement by reference), and (c) any applicable law, regulation or generally accepted practices or guidelines in the relevant jurisdictions (including any laws regarding the export of data or software to and from the United States or other relevant countries).
2026-09-24T20:27:33.3538589Z 
2026-09-24T20:27:33.3541721Z 4.3 You agree that if you use the GDK to develop applications for general public users, you will protect the privacy and legal rights of those users. If the users provide you with user names, passwords, or other login information or personal information, you must make the users aware that the information will be available to your application, and you must provide legally adequate privacy notice and protection for those users. If your application stores personal or sensitive information provided by users, it must do so securely. If the user provides your application with Google Account information, your application may only use that information to access the user's Google Account when, and for the limited purposes for which, the user has given you permission to do so.
2026-09-24T20:27:33.3544796Z 
2026-09-24T20:27:33.3545805Z 4.4 You agree that you will not engage in any activity with the GDK, including the development or distribution of an application, that interferes with, disrupts, damages, or accesses in an unauthorized manner the servers, networks, or other properties or services of any third party including, but not limited to, Google.
2026-09-24T20:27:33.3546895Z 
2026-09-24T20:27:33.3547943Z 4.5 You agree that you are solely responsible for (and that Google has no responsibility to you or to any third party for) any data, content, or resources that you create, transmit or display through Glass and/or applications for Glass, and for the consequences of your actions (including any loss or damage which Google may suffer) by doing so.
2026-09-24T20:27:33.3549096Z 
2026-09-24T20:27:33.3550521Z 4.6 You agree that you are solely responsible for (and that Google has no responsibility to you or to any third party for) any breach of your obligations under this License Agreement, any applicable third party contract or Terms of Service, or any applicable law or regulation, and for the consequences (including any loss or damage which Google or any third party may suffer) of any such breach.
2026-09-24T20:27:33.3551834Z 
2026-09-24T20:27:33.3551838Z 
2026-09-24T20:27:33.3552995Z 4.7 The GDK is in development, and your testing and feedback are an important part of the development process. By using the GDK, you acknowledge that implementation of some features are still under development and that you should not rely on the GDK, Glass devices, Glass system software, Google Mirror API, or Glass services having the full functionality of a stable release.
2026-09-24T20:27:33.3555067Z 
2026-09-24T20:27:33.3555250Z 5. Your Developer Credentials
2026-09-24T20:27:33.3555569Z 
2026-09-24T20:27:33.3556628Z 5.1 You agree that you are responsible for maintaining the confidentiality of any developer credentials that may be issued to you by Google or which you may choose yourself and that you will be solely responsible for all applications that are developed under your developer credentials.
2026-09-24T20:27:33.3557618Z 
2026-09-24T20:27:33.3557711Z 6. Privacy and Information
2026-09-24T20:27:33.3557867Z 
2026-09-24T20:27:33.3557872Z 
2026-09-24T20:27:33.3559369Z 6.1 In order to continually innovate and improve the GDK, Google may collect certain usage statistics from the software including but not limited to a unique identifier, associated IP address, version number of the software, and information on which tools and/or services in the GDK are being used and how they are being used. Before any of this information is collected, the GDK will notify you and seek your consent. If you withhold consent, the information will not be collected.
2026-09-24T20:27:33.3561110Z 
2026-09-24T20:27:33.3561492Z 6.2 The data collected is examined in the aggregate to improve the GDK and is maintained in accordance with Google's Privacy Policy.
2026-09-24T20:27:33.3561983Z 
2026-09-24T20:27:33.3562081Z 7. Third Party Applications
2026-09-24T20:27:33.3562243Z 
2026-09-24T20:27:33.3564895Z 7.1 If you use the GDK to run applications developed by a third party or that access data, content or resources provided by a third party, you agree that Google is not responsible for those applications, data, content, or resources. You understand that all data, content or resources which you may access through such third party applications are the sole responsibility of the person from which they originated and that Google is not liable for any loss or damage that you may experience as a result of the use or access of any of those third party applications, data, content, or resources.
2026-09-24T20:27:33.3567198Z 
2026-09-24T20:27:33.3569614Z 7.2 You should be aware the data, content, and resources presented to you through such a third party application may be protected by intellectual property rights which are owned by the providers (or by other persons or companies on their behalf). You may not modify, rent, lease, loan, sell, distribute or create derivative works based on these data, content, or resources (either in whole or in part) unless you have been specifically given permission to do so by the relevant owners.
2026-09-24T20:27:33.3572663Z 
2026-09-24T20:27:33.3574377Z 7.3 You acknowledge that your use of such third party applications, data, content, or resources may be subject to separate terms between you and the relevant third party. In that case, this License Agreement does not affect your legal relationship with these third parties.
2026-09-24T20:27:33.3576057Z 
2026-09-24T20:27:33.3576217Z 8. Using Google APIs
2026-09-24T20:27:33.3576455Z 
2026-09-24T20:27:33.3576599Z 8.1 Google APIs
2026-09-24T20:27:33.3576793Z 
2026-09-24T20:27:33.3579574Z 8.1.1 If you use any API to retrieve data from Google, you acknowledge that the data may be protected by intellectual property rights which are owned by Google or those parties that provide the data (or by other persons or companies on their behalf). Your use of any such API may be subject to additional Terms of Service. You may not modify, rent, lease, loan, sell, distribute or create derivative works based on this data (either in whole or in part) unless allowed by the relevant Terms of Service.
2026-09-24T20:27:33.3582784Z 
2026-09-24T20:27:33.3584542Z 8.1.2 If you use any API to retrieve a user's data from Google, you acknowledge and agree that you shall retrieve data only with the user's explicit consent and only when, and for the limited purposes for which, the user has given you permission to do so.
2026-09-24T20:27:33.3586092Z 
2026-09-24T20:27:33.3586278Z 9. Terminating this License Agreement
2026-09-24T20:27:33.3586598Z 
2026-09-24T20:27:33.3587139Z 9.1 This License Agreement will continue to apply until terminated by either you or Google as set out below.
2026-09-24T20:27:33.3587877Z 
2026-09-24T20:27:33.3588286Z 9.2 If you want to terminate this License Agreement, you may do so by ceasing your use of the GDK and any relevant developer credentials.
2026-09-24T20:27:33.3588779Z 
2026-09-24T20:27:33.3590790Z 9.3 Google may at any time, terminate this License Agreement with you if: (A) you have breached any provision of this License Agreement; or (B) Google is required to do so by law; or (C) the partner with whom Google offered certain parts of GDK (such as APIs) to you has terminated its relationship with Google or ceased to offer certain parts of the GDK to you; or (D) Google decides to no longer provide the GDK or certain parts of the GDK to users in the country in which you are resident or from which you use the service, or the provision of the GDK or certain GDK services to you by Google is, in Google's sole discretion, no longer commercially viable.
2026-09-24T20:27:33.3592866Z 
2026-09-24T20:27:33.3594545Z 9.4 When this License Agreement comes to an end, all of the legal rights, obligations and liabilities that you and Google have benefited from, been subject to (or which have accrued over time whilst this License Agreement has been in force) or which are expressed to continue indefinitely, shall be unaffected by this cessation, and the provisions of paragraph 14.7 shall continue to apply to such rights, obligations and liabilities indefinitely.
2026-09-24T20:27:33.3596222Z 
2026-09-24T20:27:33.3596321Z 10. DISCLAIMER OF WARRANTIES
2026-09-24T20:27:33.3596484Z 
2026-09-24T20:27:33.3596987Z 10.1 YOU EXPRESSLY UNDERSTAND AND AGREE THAT YOUR USE OF THE GDK IS AT YOUR SOLE RISK AND THAT THE GDK IS PROVIDED "AS IS" AND "AS AVAILABLE" WITHOUT WARRANTY OF ANY KIND FROM GOOGLE.
2026-09-24T20:27:33.3597609Z 
2026-09-24T20:27:33.3598406Z 10.2 YOUR USE OF THE GDK AND ANY MATERIAL DOWNLOADED OR OTHERWISE OBTAINED THROUGH THE USE OF THE GDK IS AT YOUR OWN DISCRETION AND RISK AND YOU ARE SOLELY RESPONSIBLE FOR ANY DAMAGE TO YOUR COMPUTER SYSTEM OR OTHER DEVICE OR LOSS OF DATA THAT RESULTS FROM SUCH USE.
2026-09-24T20:27:33.3599300Z 
2026-09-24T20:27:33.3600093Z 10.3 GOOGLE FURTHER EXPRESSLY DISCLAIMS ALL WARRANTIES AND CONDITIONS OF ANY KIND, WHETHER EXPRESS OR IMPLIED, INCLUDING, BUT NOT LIMITED TO THE IMPLIED WARRANTIES AND CONDITIONS OF MERCHANTABILITY, FITNESS FOR A PARTICULAR PURPOSE AND NON-INFRINGEMENT.
2026-09-24T20:27:33.3600979Z 
2026-09-24T20:27:33.3601071Z 11. LIMITATION OF LIABILITY
2026-09-24T20:27:33.3601223Z 
2026-09-24T20:27:33.3602599Z 11.1 YOU EXPRESSLY UNDERSTAND AND AGREE THAT GOOGLE, ITS SUBSIDIARIES AND AFFILIATES, AND ITS LICENSORS SHALL NOT BE LIABLE TO YOU UNDER ANY THEORY OF LIABILITY FOR ANY DIRECT, INDIRECT, INCIDENTAL, SPECIAL, CONSEQUENTIAL OR EXEMPLARY DAMAGES THAT MAY BE INCURRED BY YOU, INCLUDING ANY LOSS OF DATA, WHETHER OR NOT GOOGLE OR ITS REPRESENTATIVES HAVE BEEN ADVISED OF OR SHOULD HAVE BEEN AWARE OF THE POSSIBILITY OF ANY SUCH LOSSES ARISING.
2026-09-24T20:27:33.3604330Z 
2026-09-24T20:27:33.3604421Z 12. Indemnification
2026-09-24T20:27:33.3604555Z 
2026-09-24T20:27:33.3606994Z 12.1 To the maximum extent permitted by law, you agree to defend, indemnify and hold harmless Google, its affiliates and their respective directors, officers, employees and agents from and against any and all claims, actions, suits or proceedings, as well as any and all losses, liabilities, damages, costs and expenses (including reasonable attorneys fees) arising out of or accruing from (a) your use of the GDK, (b) any application you develop on the GDK that infringes any copyright, trademark, trade secret, trade dress, patent or other intellectual property right of any person or defames any person or violates their rights of publicity or privacy, and (c) any non-compliance by you with this License Agreement.
2026-09-24T20:27:33.3609378Z 
2026-09-24T20:27:33.3609483Z 13. Changes to the License Agreement
2026-09-24T20:27:33.3609654Z 
2026-09-24T20:27:33.3610375Z 13.1 Google may make changes to the License Agreement as it distributes new versions of the GDK. When these changes are made, Google will make a new version of the License Agreement available on the website where the GDK is made available.
2026-09-24T20:27:33.3611188Z 
2026-09-24T20:27:33.3611271Z 14. General Legal Terms
2026-09-24T20:27:33.3611409Z 
2026-09-24T20:27:33.3612434Z 14.1 This License Agreement constitutes the whole legal agreement between you and Google and governs your use of the GDK (excluding any services which Google may provide to you under a separate written agreement), and completely replaces any prior agreements between you and Google in relation to the GDK.
2026-09-24T20:27:33.3613952Z 
2026-09-24T20:27:33.3615258Z 14.2 You agree that if Google does not exercise or enforce any legal right or remedy which is contained in this License Agreement (or which Google has the benefit of under any applicable law), this will not be taken to be a formal waiver of Google's rights and that those rights or remedies will still be available to Google.
2026-09-24T20:27:33.3617049Z 
2026-09-24T20:27:33.3618780Z 14.3 If any court of law, having the jurisdiction to decide on this matter, rules that any provision of this License Agreement is invalid, then that provision will be removed from this License Agreement without affecting the rest of this License Agreement. The remaining provisions of this License Agreement will continue to be valid and enforceable.
2026-09-24T20:27:33.3620508Z 
2026-09-24T20:27:33.3622181Z 14.4 You acknowledge and agree that each member of the group of companies of which Google is the parent shall be third party beneficiaries to this License Agreement and that such other companies shall be entitled to directly enforce, and rely upon, any provision of this License Agreement that confers a benefit on (or rights in favor of) them. Other than this, no other person or company shall be third party beneficiaries to this License Agreement.
2026-09-24T20:27:33.3623937Z 
2026-09-24T20:27:33.3625037Z 14.5 EXPORT RESTRICTIONS. THE GDK IS SUBJECT TO UNITED STATES EXPORT LAWS AND REGULATIONS. YOU MUST COMPLY WITH ALL DOMESTIC AND INTERNATIONAL EXPORT LAWS AND REGULATIONS THAT APPLY TO THE GDK. THESE LAWS INCLUDE RESTRICTIONS ON DESTINATIONS, END USERS AND END USE.
2026-09-24T20:27:33.3626157Z 
2026-09-24T20:27:33.3627371Z 14.6 The rights granted in this License Agreement may not be assigned or transferred by either you or Google without the prior written approval of the other party. Neither you nor Google shall be permitted to delegate their responsibilities or obligations under this License Agreement without the prior written approval of the other party.
2026-09-24T20:27:33.3628687Z 
2026-09-24T20:27:33.3630726Z 14.7 This License Agreement, and your relationship with Google under this License Agreement, shall be governed by the laws of the State of California without regard to its conflict of laws provisions. You and Google agree to submit to the exclusive jurisdiction of the courts located within the county of Santa Clara, California to resolve any legal matter arising from this License Agreement. Notwithstanding this, you agree that Google shall still be allowed to apply for injunctive remedies (or an equivalent type of urgent legal relief) in any jurisdiction.
2026-09-24T20:27:33.3633217Z 
2026-09-24T20:27:33.3633326Z November 19, 2013
2026-09-24T20:27:33.3633598Z ---------------------------------------
2026-09-24T20:27:33.3633978Z Accept? (y/N): 
2026-09-24T20:27:33.3634220Z 6/6: License mips-android-sysimage-license:
2026-09-24T20:27:33.3634510Z ---------------------------------------
2026-09-24T20:27:33.3637036Z MIPS Technologies, Inc. (“MIPS”) Internal Evaluation License Agreement for MIPS Android™ System Images for Android Software Development Kit (SDK): This Internal Evaluation License Agreement (this "Agreement") is entered into by and between MIPS and you (as an individual developer or a legal entity -- identified below as “Recipient”). MIPS shall make the Evaluation Software available to Recipient as described in accordance with the terms and conditions set forth below.
2026-09-24T20:27:33.3638938Z 
2026-09-24T20:27:33.3641468Z By clicking on the “Accept” button, downloading, installing, or otherwise using the Evaluation Materials (defined below), you agree to be bound by the terms of this Agreement effective as of the date you click “Accept” (the “Effective Date”), and if doing so on behalf of an entity, you represent that you are authorized to bind the entity to the terms and conditions of this Agreement. If you do not agree to be bound by the terms and conditions of this Agreement, do not download, install, or use the Evaluation Materials.
2026-09-24T20:27:33.3644343Z 
2026-09-24T20:27:33.3644607Z 1. DEFINITIONS. These terms shall have the following meanings:
2026-09-24T20:27:33.3644948Z 
2026-09-24T20:27:33.3645603Z 1.1 “MIPS” shall mean MIPS Technologies, Inc., a Delaware corporation having a principal place of business at: 955 East Arques Ave., Sunnyvale, CA 94085
2026-09-24T20:27:33.3646309Z 
2026-09-24T20:27:33.3647000Z 1.2 “Evaluation Software” shall mean MIPS Android™ emulator system images for Android Software Development Kit (SDK), as made available to Recipient.
2026-09-24T20:27:33.3647881Z 
2026-09-24T20:27:33.3649480Z 1.3 “Evaluation Materials" means, collectively, the Evaluation Software (in source and/or object code form) and documentation (including, without limitation, any design documents, specifications, reference manuals, and other related materials) related to the Evaluation Software as made available to Recipient.
2026-09-24T20:27:33.3650851Z 
2026-09-24T20:27:33.3655541Z 1.4 “Open Source Software” means any software that requires (as a condition of use, modification and/or distribution of such software) that such software or other software incorporated into, derived from or distributed with such software (a) be disclosed or distributed in source code form; or (b) be licensed by the user to third parties for the purpose of making and/or distributing derivative works; or (c) be redistributable at no charge. Open Source Software includes, without limitation, software licensed or distributed under any of the following licenses or distribution models, or licenses or distribution models substantially similar to any of the following: (a) GNU’s General Public License (GPL) or Lesser/Library GPL (LGPL), (b) the Artistic License (e.g., PERL), (c) the Mozilla Public License, (d) the Netscape Public License, (e) the Sun Community Source License (SCSL), (f) the Sun Industry Source License (SISL), (g) the Apache Software license and (h) the Common Public License (CPL).
2026-09-24T20:27:33.3659293Z 
2026-09-24T20:27:33.3660630Z 1.5 “Pre-Release Materials” means “alpha” or “beta” designated pre-release features, which may not be fully functional, which MIPS may substantially modify in producing any production version of the Evaluation Materials, and/or which is still under development by MIPS and/or MIPS’ suppliers.
2026-09-24T20:27:33.3661826Z 
2026-09-24T20:27:33.3664162Z 2. PURPOSE. MIPS desires to make the Evaluation Materials available to Recipient solely for Recipient's internal evaluation of the Evaluation Software to evaluate the desirability of cooperating with MIPS in developing products that are compatible with the Evaluation Software and/or to advise MIPS as to possible modifications to the Evaluation Software. Recipient may not disclose, distribute, modify (except to facilitate the above-mentioned internal evaluation), or make commercial use of the Evaluation Materials or any modifications of the Evaluation Materials.
2026-09-24T20:27:33.3666605Z 
2026-09-24T20:27:33.3668204Z THE EVALUATION MATERIALS ARE PROVIDED FOR EVALUATION PURPOSES ONLY AND MAY NOT BE MODIFIED (EXCEPT TO FACILITATE THE INTERNAL EVALUATION) OR DISTRIBUTED BY RECIPIENT OR INCORPORATED INTO RECIPIENT’S PRODUCTS OR SOFTWARE. PLEASE CONTACT A MIPS SALES REPRESENTATIVE TO LEARN ABOUT THE AVAILABILITY AND COST OF A COMMERCIAL VERSION OF THE EVALUATION SOFTWARE.
2026-09-24T20:27:33.3669693Z 
2026-09-24T20:27:33.3670627Z 3. TITLE. Title to the Evaluation Materials remains with MIPS or its suppliers. Recipient shall not mortgage, pledge or encumber the Evaluation Materials in any way. Recipient shall return all Evaluation Materials, keeping no copies, upon termination or expiration of this Agreement.
2026-09-24T20:27:33.3671772Z 
2026-09-24T20:27:33.3676226Z 4. LICENSE. MIPS grants Recipient a royalty-free, personal, nontransferable, nonexclusive license under its copyrights to use the Evaluation Software only for the purposes described in paragraph 2 above and only for a period beginning on the Effective Date and extending to the first anniversary of the Effective Date (the “Evaluation Period”). Unless otherwise communicated in writing by MIPS to Recipient, to the extent the Evaluation Software is provided in more than one delivery or release (each, a “Release”) the license grant in this Section 4 and the Evaluation Period shall apply to each Release, in which case the Evaluation Period shall begin on the date that the Release is made generally available and continue to the first anniversary of such date. Recipient may not make modifications to the Evaluation Software. Recipient shall not disassemble, reverse-engineer, or decompile any software that is not provided to Recipient in source code form.
2026-09-24T20:27:33.3679801Z 
2026-09-24T20:27:33.3679809Z 
2026-09-24T20:27:33.3681033Z EXCEPT AS PROVIDED HEREIN, NO OTHER LICENSE, EXPRESS OR IMPLIED, BY ESTOPPEL OR OTHERWISE, TO ANY OTHER MIPS INTELLECTUAL PROPERTY RIGHTS IS GRANTED TO THE RECIPIENT. OTHER THAN AS EXPLICITLY SET FORTH IN PARAGRAPH 2 ABOVE, NO RIGHT TO COPY, TO REPRODUCE, TO MODIFY, OR TO CREATE DERIVATIVE WORKS OF, THE EVALUATION MATERIALS IS GRANTED HEREIN.
2026-09-24T20:27:33.3682205Z 
2026-09-24T20:27:33.3683201Z 5. NO OBLIGATION. Recipient shall have no duty to purchase or license any product from MIPS. MIPS and its suppliers shall have no obligation to provide support for, or develop a non-evaluation version of, the Evaluation Software or to license any version of it.
2026-09-24T20:27:33.3684179Z 
2026-09-24T20:27:33.3688208Z 6. MODIFICATIONS. This Agreement does not obligate Recipient to provide MIPS with comments or suggestions regarding Evaluation Materials. However, should Recipient provide MIPS with comments or suggestions for the modification, correction, improvement or enhancement of (a) the Evaluation Materials or (b) MIPS products or processes which may embody the Evaluation Materials, then Recipient agrees to grant and hereby grants to MIPS a non-exclusive, irrevocable, worldwide, fully paid-up, royalty-free license, with the right to sublicense MIPS’ licensees and customers, under Recipient’s Intellectual property rights, to use and disclose such comments and suggestions in any manner MIPS chooses and to display, perform, copy, make, have made, use, sell, offer to sell, import, and otherwise dispose of MIPS’ and its sublicensee’s products embodying such comments and suggestions in any manner and via any media MIPS chooses, without reference to the source.
2026-09-24T20:27:33.3691475Z 
2026-09-24T20:27:33.3693415Z 7. WARRANTY DISCLAIMER. MIPS AND ITS SUPPLIERS MAKE NO WARRANTIES WITH RESPECT TO EVALUATION MATERIALS, EITHER EXPRESS OR IMPLIED, INCLUDING ANY IMPLIED WARRANTIES OF MERCHANTABILITY OR FITNESS FOR A PARTICULAR PURPOSE, OR ANY IMPLIED WARRANTY OF NONINFRINGEMENT WITH RESPECT TO THIRD PARTY INTELLECTUAL PROPERTY. RECIPIENT ACKNOWLEDGES AND AGREES THAT THE EVALUATION MATERIALS ARE PROVIDED “AS IS,” WITHOUT WARRANTY OF ANY KIND.
2026-09-24T20:27:33.3695092Z 
2026-09-24T20:27:33.3696931Z 8. LIMITATION OF LIABILITY. MIPS AND ITS SUPPLIERS SHALL NOT BE LIABLE FOR ANY PROPERTY DAMAGE, PERSONAL INJURY, LOSS OF PROFITS, INTERRUPTION OF BUSINESS OR FOR ANY DIRECT, INDIRECT, SPECIAL, CONSEQUENTIAL OR INCIDENTAL DAMAGES, HOWEVER CAUSED OR ALLEGED, WHETHER FOR BREACH OF WARRANTY, CONTRACT, STRICT LIABILITY OR OTHERWISE, INCLUDING WITHOUT LIMITATION, UNDER TORT OR OTHER LEGAL THEORY. MIPS AND ITS SUPPLIERS DISCLAIM ANY AND ALL LIABILITY, INCLUDING LIABILITY FOR INFRINGEMENT OF ANY INTELLECTUAL PROPERTY RIGHTS OF ANY KIND RELATING TO THE EVALUATION MATERIALS.
2026-09-24T20:27:33.3698855Z 
2026-09-24T20:27:33.3699617Z 9. EXPIRATION. MIPS may terminate this Agreement immediately after a breach by Recipient or otherwise at MIPS’ reasonable discretion and upon five (5) business days’ notice to Recipient.
2026-09-24T20:27:33.3700285Z 
2026-09-24T20:27:33.3700367Z 10. GENERAL.
2026-09-24T20:27:33.3700479Z 
2026-09-24T20:27:33.3704294Z 10.1 Controlling Law. This Agreement shall be governed by California law excluding its choice of law rules. With the exception of MIPS’ rights to enforce its intellectual property rights and any confidentiality obligations under this Agreement or any licenses distributed with the Evaluation Materials, all disputes and any claims arising under or relating to this Agreement shall be subject to the exclusive jurisdiction and venue of the state and federal courts located in Santa Clara County, California. Each party hereby agrees to jurisdiction and venue in the courts set forth in the preceding sentence. The parties agree that the United Nations Convention on Contracts for the International Sale of Goods is specifically excluded from application to this Agreement. The parties consent to the personal jurisdiction of the above courts.
2026-09-24T20:27:33.3707301Z 
2026-09-24T20:27:33.3708870Z 10.2 Remedies. Recipient acknowledges and agrees that any breach of confidentiality obligations under this Agreement or any licenses distributed with the Evaluation Materials, as well as any disclosure, commercialization, or public use of the Evaluation Materials, would cause irreparable injury to MIPS, and therefore Recipient agrees to consent to, and hereby consents to, the grant of an injunction by any court of competent jurisdiction in the event of an actual or threatened breach.
2026-09-24T20:27:33.3710518Z 
2026-09-24T20:27:33.3712600Z 10.3 Assignment. Recipient may not delegate, assign or transfer this Agreement, the license granted or any of Recipient’s rights, obligations, or duties hereunder, expressly, by implication, by operation of law, by way of merger (regardless of whether Recipient is the surviving entity) or acquisition, or otherwise and any attempt to do so, without MIPS’ express prior written consent, shall be ineffective, null and void. MIPS may freely assign this Agreement, and its rights and obligations hereunder, in its sole discretion.
2026-09-24T20:27:33.3714634Z 
2026-09-24T20:27:33.3716120Z 10.4 Entire Agreement. This Agreement constitutes the entire agreement between Recipient and MIPS and supersedes in their entirety any and all oral or written agreements previously existing between Recipient and MIPS with respect to the subject matter hereof. This Agreement may only be amended or supplemented by a writing that refers explicitly to this Agreement and that is signed or otherwise accepted by duly authorized representatives of Recipient and MIPS.
2026-09-24T20:27:33.3717693Z 
2026-09-24T20:27:33.3719146Z 10.5 Severability. In the event that any provision of this Agreement is finally adjudicated to be unenforceable or invalid under any applicable law, such unenforceability or invalidity shall not render this Agreement unenforceable or invalid as a whole, and, in such event, such unenforceable or invalid provision shall be interpreted so as to best accomplish the objectives of such provision within the limits of applicable law or applicable court decisions.
2026-09-24T20:27:33.3720848Z 
2026-09-24T20:27:33.3725787Z 10.6 Export Regulations / Export Control. Recipient shall not export, either directly or indirectly, any product, service or technical data or system incorporating the Evaluation Materials without first obtaining any required license or other necessary approval from the U.S. Department of Commerce or any other governing agency or department of the United States Government. In the event any product is exported from the United States or re-exported from a foreign destination by Recipient, Recipient shall ensure that the distribution and export/re-export or import of the product is in compliance with all applicable laws, regulations, orders, or other restrictions of the U.S. Export Administration Regulations and the appropriate foreign government. Recipient agrees that neither it nor any of its subsidiaries will export/re-export any technical data, process, product, or service, directly or indirectly, to any country for which the United States government or any agency thereof or the foreign government from where it is shipping requires an export license, or other governmental approval, without first obtaining such license or approval. Recipient also agrees to implement measures to ensure that foreign national employees are authorized to receive any information controlled by U.S. export control laws. An export is "deemed" to take place when information is released to a foreign national wherever located.
2026-09-24T20:27:33.3730901Z 
2026-09-24T20:27:33.3734773Z 10.7 Special Terms for Pre-Release Materials. If so indicated in the description of the Evaluation Software, the Evaluation Software may contain Pre-Release Materials. Recipient hereby understands, acknowledges and agrees that: (i) Pre-Release Materials may not be fully tested and may contain bugs or errors; (ii) Pre-Release materials are not suitable for commercial release in their current state; (iii) regulatory approvals for Pre-Release Materials (such as UL or FCC) have not been obtained, and Pre-Release Materials may therefore not be certified for use in certain countries or environments or may not be suitable for certain applications and (iv) MIPS can provide no assurance that it will ever produce or make generally available a production version of the Pre-Release Materials . MIPS is not under any obligation to develop and/or release or offer for sale or license a final product based upon the Pre-Release Materials and may unilaterally elect to abandon the Pre-Release Materials or any such development platform at any time and without any obligation or liability whatsoever to Recipient or any other person.
2026-09-24T20:27:33.3738832Z 
2026-09-24T20:27:33.3739546Z ANY PRE-RELEASE MATERIALS ARE NON-QUALIFIED AND, AS SUCH, ARE PROVIDED “AS IS” AND “AS AVAILABLE”, POSSIBLY WITH FAULTS, AND WITHOUT REPRESENTATION OR WARRANTY OF ANY KIND.
2026-09-24T20:27:33.3740165Z 
2026-09-24T20:27:33.3742225Z 10.8 Open Source Software. In the event Open Source software is included with Evaluation Software, such Open Source software is licensed pursuant to the applicable Open Source software license agreement identified in the Open Source software comments in the applicable source code file(s) and/or file header as indicated in the Evaluation Software. Additional detail may be available (where applicable) in the accompanying on-line documentation. With respect to the Open Source software, nothing in this Agreement limits any rights under, or grants rights that supersede, the terms of any applicable Open Source software license agreement.
2026-09-24T20:27:33.3744814Z ---------------------------------------
2026-09-24T20:27:33.3745124Z Accept? (y/N): All SDK package licenses accepted
2026-09-24T20:27:33.3745348Z 
2026-09-24T20:27:33.3745641Z [command]/usr/local/lib/android/sdk/cmdline-tools/16.0/bin/sdkmanager build-tools;34.0.0
2026-09-24T20:27:34.1414716Z Loading package information...                                                  
2026-09-24T20:27:34.2534032Z Loading local repository...                                                     
2026-09-24T20:27:34.2534665Z [                                       ] 3% Loading local repository...        
2026-09-24T20:27:34.2620201Z [                                       ] 3% Fetch remote repository...         
2026-09-24T20:27:34.6305030Z [=                                      ] 3% Fetch remote repository...         
2026-09-24T20:27:34.6946343Z [=                                      ] 4% Fetch remote repository...         
2026-09-24T20:27:34.7262673Z [=                                      ] 5% Fetch remote repository...         
2026-09-24T20:27:34.7735382Z [==                                     ] 5% Fetch remote repository...         
2026-09-24T20:27:34.8496013Z [==                                     ] 6% Fetch remote repository...         
2026-09-24T20:27:34.9539403Z [==                                     ] 7% Fetch remote repository...         
2026-09-24T20:27:34.9564293Z [==                                     ] 7% Computing updates...               
2026-09-24T20:27:34.9666039Z [===                                    ] 8% Computing updates...               
2026-09-24T20:27:34.9737513Z [===                                    ] 10% Computing updates...              
2026-09-24T20:27:34.9738627Z [=======================================] 100% Computing updates...             
2026-09-24T20:27:34.9744147Z 
2026-09-24T20:27:34.9970816Z [command]/usr/local/lib/android/sdk/cmdline-tools/16.0/bin/sdkmanager platform-tools
2026-09-24T20:27:35.8078896Z Loading package information...                                                  
2026-09-24T20:27:35.9202742Z Loading local repository...                                                     
2026-09-24T20:27:35.9207621Z [                                       ] 3% Loading local repository...        
2026-09-24T20:27:35.9301139Z [                                       ] 3% Fetch remote repository...         
2026-09-24T20:27:36.2875322Z [=                                      ] 3% Fetch remote repository...         
2026-09-24T20:27:36.3609993Z [=                                      ] 4% Fetch remote repository...         
2026-09-24T20:27:36.3961214Z [=                                      ] 5% Fetch remote repository...         
2026-09-24T20:27:36.4606073Z [==                                     ] 5% Fetch remote repository...         
2026-09-24T20:27:36.5399305Z [==                                     ] 6% Fetch remote repository...         
2026-09-24T20:27:36.6265178Z [==                                     ] 7% Fetch remote repository...         
2026-09-24T20:27:36.6300973Z [==                                     ] 7% Computing updates...               
2026-09-24T20:27:36.6413977Z [===                                    ] 8% Computing updates...               
2026-09-24T20:27:36.6479919Z [===                                    ] 10% Computing updates...              
2026-09-24T20:27:36.6480835Z [=======================================] 100% Computing updates...             
2026-09-24T20:27:36.6481593Z 

===== build/5_Cache Godot 4.7.2.txt =====
﻿2026-09-24T20:27:36.7145743Z ##[group]Run actions/cache@v4
2026-09-24T20:27:36.7146039Z with:
2026-09-24T20:27:36.7146315Z   path: ~/godot-bin
~/.local/share/godot/export_templates

2026-09-24T20:27:36.7146669Z   key: godot-4.7.2-linux-x86_64
2026-09-24T20:27:36.7146928Z   enableCrossOsArchive: false
2026-09-24T20:27:36.7147187Z   fail-on-cache-miss: false
2026-09-24T20:27:36.7147422Z   lookup-only: false
2026-09-24T20:27:36.7147629Z   save-always: false
2026-09-24T20:27:36.7147831Z env:
2026-09-24T20:27:36.7148014Z   GODOT_VERSION: 4.7.2
2026-09-24T20:27:36.7148234Z   EXPORT_NAME: vhs-camcorder
2026-09-24T20:27:36.7148571Z   JAVA_HOME: /opt/hostedtoolcache/Java_Temurin-Hotspot_jdk/17.0.20-1/x64
2026-09-24T20:27:36.7149080Z   JAVA_HOME_17_X64: /opt/hostedtoolcache/Java_Temurin-Hotspot_jdk/17.0.20-1/x64
2026-09-24T20:27:36.7149479Z   ANDROID_HOME: /usr/local/lib/android/sdk
2026-09-24T20:27:36.7149777Z   ANDROID_SDK_ROOT: /usr/local/lib/android/sdk
2026-09-24T20:27:36.7150048Z ##[endgroup]
2026-09-24T20:27:36.8252974Z (node:2506) [DEP0040] DeprecationWarning: The `punycode` module is deprecated. Please use a userland alternative instead.
2026-09-24T20:27:36.8254320Z (Use `node --trace-deprecation ...` to show where the warning was created)
2026-09-24T20:27:36.8908833Z Cache not found for input keys: godot-4.7.2-linux-x86_64

===== build/6_Download Godot 4.7.2 + export templates.txt =====
﻿2026-09-24T20:27:36.9031821Z ##[group]Run set -euo pipefail
2026-09-24T20:27:36.9032218Z [36;1mset -euo pipefail[0m
2026-09-24T20:27:36.9032635Z [36;1mRELEASES="https://github.com/godotengine/godot/releases/download"[0m
2026-09-24T20:27:36.9033354Z [36;1mTAG="$GODOT_VERSION-stable"[0m
2026-09-24T20:27:36.9033696Z [36;1mmkdir -p ~/godot-bin[0m
2026-09-24T20:27:36.9034143Z [36;1mcurl -fL --retry 3 -o /tmp/godot.zip "$RELEASES/$TAG/Godot_v${TAG}_linux.x86_64.zip"[0m
2026-09-24T20:27:36.9034650Z [36;1munzip -q -o /tmp/godot.zip -d /tmp/godot-extract[0m
2026-09-24T20:27:36.9035090Z [36;1mmv "/tmp/godot-extract/Godot_v${TAG}_linux.x86_64" ~/godot-bin/godot[0m
2026-09-24T20:27:36.9035479Z [36;1mchmod +x ~/godot-bin/godot[0m
2026-09-24T20:27:36.9035920Z [36;1mcurl -fL --retry 3 -o /tmp/templates.tpz "$RELEASES/$TAG/Godot_v${TAG}_export_templates.tpz"[0m
2026-09-24T20:27:36.9036435Z [36;1munzip -q -o /tmp/templates.tpz -d /tmp/templates[0m
2026-09-24T20:27:36.9036793Z [36;1mmkdir -p ~/.local/share/godot/export_templates[0m
2026-09-24T20:27:36.9037248Z [36;1mrm -rf "$HOME/.local/share/godot/export_templates/$GODOT_VERSION.stable"[0m
2026-09-24T20:27:36.9037822Z [36;1mmv /tmp/templates/templates "$HOME/.local/share/godot/export_templates/$GODOT_VERSION.stable"[0m
2026-09-24T20:27:36.9330803Z shell: /usr/bin/bash -e {0}
2026-09-24T20:27:36.9331137Z env:
2026-09-24T20:27:36.9331604Z   GODOT_VERSION: 4.7.2
2026-09-24T20:27:36.9331884Z   EXPORT_NAME: vhs-camcorder
2026-09-24T20:27:36.9332339Z   JAVA_HOME: /opt/hostedtoolcache/Java_Temurin-Hotspot_jdk/17.0.20-1/x64
2026-09-24T20:27:36.9332941Z   JAVA_HOME_17_X64: /opt/hostedtoolcache/Java_Temurin-Hotspot_jdk/17.0.20-1/x64
2026-09-24T20:27:36.9333760Z   ANDROID_HOME: /usr/local/lib/android/sdk
2026-09-24T20:27:36.9334100Z   ANDROID_SDK_ROOT: /usr/local/lib/android/sdk
2026-09-24T20:27:36.9334391Z ##[endgroup]
2026-09-24T20:27:36.9541933Z   % Total    % Received % Xferd  Average Speed   Time    Time     Time  Current
2026-09-24T20:27:36.9542920Z                                  Dload  Upload   Total   Spent    Left  Speed
2026-09-24T20:27:36.9543598Z 
2026-09-24T20:27:37.0566714Z   0     0    0     0    0     0      0      0 --:--:-- --:--:-- --:--:--     0
2026-09-24T20:27:37.0567842Z   0     0    0     0    0     0      0      0 --:--:-- --:--:-- --:--:--     0
2026-09-24T20:27:37.4400041Z 
2026-09-24T20:27:37.4400969Z 100 74.2M  100 74.2M    0     0   152M      0 --:--:-- --:--:-- --:--:--  152M
2026-09-24T20:27:38.4358149Z   % Total    % Received % Xferd  Average Speed   Time    Time     Time  Current
2026-09-24T20:27:38.4359114Z                                  Dload  Upload   Total   Spent    Left  Speed
2026-09-24T20:27:38.4359383Z 
2026-09-24T20:27:38.5306334Z   0     0    0     0    0     0      0      0 --:--:-- --:--:-- --:--:--     0
2026-09-24T20:27:38.5307607Z   0     0    0     0    0     0      0      0 --:--:-- --:--:-- --:--:--     0
2026-09-24T20:27:38.5308774Z   0     0    0     0    0     0      0      0 --:--:-- --:--:-- --:--:--     0
2026-09-24T20:27:39.4826301Z 
2026-09-24T20:27:40.4778156Z  16 1221M   16  197M    0     0   188M      0  0:00:06  0:00:01  0:00:05  188M
2026-09-24T20:27:41.4787667Z  36 1221M   36  440M    0     0   215M      0  0:00:05  0:00:02  0:00:03  243M
2026-09-24T20:27:42.4835535Z  60 1221M   60  744M    0     0   244M      0  0:00:04  0:00:03  0:00:01  273M
2026-09-24T20:27:43.0646469Z  86 1221M   86 1060M    0     0   261M      0  0:00:04  0:00:04 --:--:--  287M
2026-09-24T20:27:43.0647268Z 100 1221M  100 1221M    0     0   263M      0  0:00:04  0:00:04 --:--:--  286M

===== build/7_Godot version.txt =====
﻿2026-09-24T20:27:56.5269887Z ##[group]Run ~/godot-bin/godot --headless --version
2026-09-24T20:27:56.5270331Z [36;1m~/godot-bin/godot --headless --version[0m
2026-09-24T20:27:56.5334445Z shell: /usr/bin/bash -e {0}
2026-09-24T20:27:56.5334698Z env:
2026-09-24T20:27:56.5334912Z   GODOT_VERSION: 4.7.2
2026-09-24T20:27:56.5335152Z   EXPORT_NAME: vhs-camcorder
2026-09-24T20:27:56.5335508Z   JAVA_HOME: /opt/hostedtoolcache/Java_Temurin-Hotspot_jdk/17.0.20-1/x64
2026-09-24T20:27:56.5336018Z   JAVA_HOME_17_X64: /opt/hostedtoolcache/Java_Temurin-Hotspot_jdk/17.0.20-1/x64
2026-09-24T20:27:56.5336429Z   ANDROID_HOME: /usr/local/lib/android/sdk
2026-09-24T20:27:56.5336735Z   ANDROID_SDK_ROOT: /usr/local/lib/android/sdk
2026-09-24T20:27:56.5337014Z ##[endgroup]
2026-09-24T20:27:56.6118489Z 4.7.2.stable.official.ed1daf0bf

===== build/8_Import project (build the resource cache).txt =====
﻿2026-09-24T20:27:56.6185946Z ##[group]Run # A cold import pass reports errors on first run; run it twice.
2026-09-24T20:27:56.6186525Z [36;1m# A cold import pass reports errors on first run; run it twice.[0m
2026-09-24T20:27:56.6186954Z [36;1m~/godot-bin/godot --headless --import || true[0m
2026-09-24T20:27:56.6187296Z [36;1m~/godot-bin/godot --headless --import[0m
2026-09-24T20:27:56.6251075Z shell: /usr/bin/bash -e {0}
2026-09-24T20:27:56.6251340Z env:
2026-09-24T20:27:56.6251539Z   GODOT_VERSION: 4.7.2
2026-09-24T20:27:56.6251774Z   EXPORT_NAME: vhs-camcorder
2026-09-24T20:27:56.6252123Z   JAVA_HOME: /opt/hostedtoolcache/Java_Temurin-Hotspot_jdk/17.0.20-1/x64
2026-09-24T20:27:56.6252610Z   JAVA_HOME_17_X64: /opt/hostedtoolcache/Java_Temurin-Hotspot_jdk/17.0.20-1/x64
2026-09-24T20:27:56.6253241Z   ANDROID_HOME: /usr/local/lib/android/sdk
2026-09-24T20:27:56.6253576Z   ANDROID_SDK_ROOT: /usr/local/lib/android/sdk
2026-09-24T20:27:56.6253856Z ##[endgroup]
2026-09-24T20:27:56.6512398Z Godot Engine v4.7.2.stable.official.ed1daf0bf - https://godotengine.org
2026-09-24T20:27:56.7088775Z 
2026-09-24T20:28:00.5006444Z [   0% ] [90m[1mfirst_scan_filesystem[22m | Started Project initialization (5 steps)[39m[0m
2026-09-24T20:28:00.5007918Z [   0% ] [90m[1mfirst_scan_filesystem[22m | Scanning file structure...[39m[0m
2026-09-24T20:28:00.5011944Z [  16% ] [90m[1mfirst_scan_filesystem[22m | Loading global class names...[39m[0m
2026-09-24T20:28:00.5028182Z [  33% ] [90m[1mfirst_scan_filesystem[22m | Verifying GDExtensions...[39m[0m
2026-09-24T20:28:00.5029408Z [  50% ] [90m[1mfirst_scan_filesystem[22m | Creating autoload scripts...[39m[0m
2026-09-24T20:28:00.5030588Z [  66% ] [90m[1mfirst_scan_filesystem[22m | Initializing plugins...[39m[0m
2026-09-24T20:28:00.5031695Z [  83% ] [90m[1mfirst_scan_filesystem[22m | Starting file scan...[39m[0m
2026-09-24T20:28:00.5032570Z [92m[ DONE ][39m [1mfirst_scan_filesystem[22m
2026-09-24T20:28:00.5033341Z [0m
2026-09-24T20:28:00.5275301Z [   0% ] [90m[1mupdate_scripts_classes[22m | Started Registering global classes... (6 steps)[39m[0m
2026-09-24T20:28:00.5276544Z [   0% ] [90m[1mupdate_scripts_classes[22m | [39m[0m
2026-09-24T20:28:00.5277254Z [  14% ] [90m[1mupdate_scripts_classes[22m | CameraShakify[39m[0m
2026-09-24T20:28:00.5277917Z [  28% ] [90m[1mupdate_scripts_classes[22m | [39m[0m
2026-09-24T20:28:00.5278594Z [  42% ] [90m[1mupdate_scripts_classes[22m | VhsPlayer[39m[0m
2026-09-24T20:28:00.5279165Z [  57% ] [90m[1mupdate_scripts_classes[22m | [39m[0m
2026-09-24T20:28:00.5279695Z [  71% ] [90m[1mupdate_scripts_classes[22m | [39m[0m
2026-09-24T20:28:00.5280199Z [92m[ DONE ][39m [1mupdate_scripts_classes[22m
2026-09-24T20:28:00.5280550Z [0m
2026-09-24T20:28:00.5296864Z [   0% ] [90m[1mloading_editor_layout[22m | Started Loading editor (5 steps)[39m[0m
2026-09-24T20:28:00.5297722Z [   0% ] [90m[1mloading_editor_layout[22m | Loading editor layout...[39m[0m
2026-09-24T20:28:00.5298368Z [  16% ] [90m[1mloading_editor_layout[22m | Loading docks...[39m[0m
2026-09-24T20:28:00.5298894Z [92m[ DONE ][39m [1mloading_editor_layout[22m
2026-09-24T20:28:00.5299221Z [0m
2026-09-24T20:28:01.7978306Z cannot connect to daemon at tcp:5037: Connection refused
2026-09-24T20:28:02.9238292Z Godot Engine v4.7.2.stable.official.ed1daf0bf - https://godotengine.org
2026-09-24T20:28:02.9514273Z 
2026-09-24T20:28:05.4135643Z [   0% ] [90m[1mfirst_scan_filesystem[22m | Started Project initialization (5 steps)[39m[0m
2026-09-24T20:28:05.4136994Z [   0% ] [90m[1mfirst_scan_filesystem[22m | Scanning file structure...[39m[0m
2026-09-24T20:28:05.4140368Z [  16% ] [90m[1mfirst_scan_filesystem[22m | Loading global class names...[39m[0m
2026-09-24T20:28:05.4975255Z [  33% ] [90m[1mfirst_scan_filesystem[22m | Verifying GDExtensions...[39m[0m
2026-09-24T20:28:05.4976723Z [  50% ] [90m[1mfirst_scan_filesystem[22m | Creating autoload scripts...[39m[0m
2026-09-24T20:28:05.4977957Z [  66% ] [90m[1mfirst_scan_filesystem[22m | Initializing plugins...[39m[0m
2026-09-24T20:28:05.4979551Z [  83% ] [90m[1mfirst_scan_filesystem[22m | Starting file scan...[39m[0m
2026-09-24T20:28:05.4994317Z [92m[ DONE ][39m [1mfirst_scan_filesystem[22m
2026-09-24T20:28:05.5000989Z [0m
2026-09-24T20:28:05.5821588Z [   0% ] [90m[1mloading_editor_layout[22m | Started Loading editor (5 steps)[39m[0m
2026-09-24T20:28:05.5823391Z [   0% ] [90m[1mloading_editor_layout[22m | Loading editor layout...[39m[0m
2026-09-24T20:28:05.5824765Z [  16% ] [90m[1mloading_editor_layout[22m | Loading docks...[39m[0m
2026-09-24T20:28:05.5825820Z [92m[ DONE ][39m [1mloading_editor_layout[22m
2026-09-24T20:28:05.5826524Z [0m
2026-09-24T20:28:06.1912740Z cannot connect to daemon at tcp:5037: Connection refused

===== build/9_Export unsigned APK.txt =====
﻿2026-09-24T20:28:06.3687454Z ##[group]Run set -euo pipefail
2026-09-24T20:28:06.3687808Z [36;1mset -euo pipefail[0m
2026-09-24T20:28:06.3688055Z [36;1mmkdir -p build[0m
2026-09-24T20:28:06.3688491Z [36;1m~/godot-bin/godot --headless --export-debug "Android" "build/$EXPORT_NAME-unsigned.apk"[0m
2026-09-24T20:28:06.3689154Z [36;1mls -lh build[0m
2026-09-24T20:28:06.3753631Z shell: /usr/bin/bash -e {0}
2026-09-24T20:28:06.3754054Z env:
2026-09-24T20:28:06.3754414Z   GODOT_VERSION: 4.7.2
2026-09-24T20:28:06.3754806Z   EXPORT_NAME: vhs-camcorder
2026-09-24T20:28:06.3755272Z   JAVA_HOME: /opt/hostedtoolcache/Java_Temurin-Hotspot_jdk/17.0.20-1/x64
2026-09-24T20:28:06.3755808Z   JAVA_HOME_17_X64: /opt/hostedtoolcache/Java_Temurin-Hotspot_jdk/17.0.20-1/x64
2026-09-24T20:28:06.3756237Z   ANDROID_HOME: /usr/local/lib/android/sdk
2026-09-24T20:28:06.3756547Z   ANDROID_SDK_ROOT: /usr/local/lib/android/sdk
2026-09-24T20:28:06.3756838Z ##[endgroup]
2026-09-24T20:28:06.4042737Z Godot Engine v4.7.2.stable.official.ed1daf0bf - https://godotengine.org
2026-09-24T20:28:06.4322413Z 
2026-09-24T20:28:08.6683615Z [   0% ] [90m[1mfirst_scan_filesystem[22m | Started Project initialization (5 steps)[39m[0m
2026-09-24T20:28:08.6685077Z [   0% ] [90m[1mfirst_scan_filesystem[22m | Scanning file structure...[39m[0m
2026-09-24T20:28:08.6689539Z [  16% ] [90m[1mfirst_scan_filesystem[22m | Loading global class names...[39m[0m
2026-09-24T20:28:08.6707860Z [  33% ] [90m[1mfirst_scan_filesystem[22m | Verifying GDExtensions...[39m[0m
2026-09-24T20:28:08.6709021Z [  50% ] [90m[1mfirst_scan_filesystem[22m | Creating autoload scripts...[39m[0m
2026-09-24T20:28:08.6710166Z [  66% ] [90m[1mfirst_scan_filesystem[22m | Initializing plugins...[39m[0m
2026-09-24T20:28:08.6711299Z [  83% ] [90m[1mfirst_scan_filesystem[22m | Starting file scan...[39m[0m
2026-09-24T20:28:08.6712185Z [92m[ DONE ][39m [1mfirst_scan_filesystem[22m
2026-09-24T20:28:08.6712700Z [0m
2026-09-24T20:28:08.7309893Z ERROR: No project icon specified. Please specify one in the Project Settings under Application -> Config -> Icon
2026-09-24T20:28:08.7311280Z    at: load_icon_refs (platform/android/export/export_plugin.cpp:1941)
2026-09-24T20:28:08.7312691Z [   0% ] [90m[1mexport[22m | Started Exporting for Android (105 steps)[39m[0m
2026-09-24T20:28:08.7314176Z 0 param: --xr_mode_regular
2026-09-24T20:28:08.7318298Z 1 param: --xr-mode
2026-09-24T20:28:08.7318915Z 2 param: off
2026-09-24T20:28:08.7319286Z 3 param: --fullscreen
2026-09-24T20:28:08.7319625Z 4 param: --background_color
2026-09-24T20:28:08.7319938Z 5 param: #000000
2026-09-24T20:28:08.7320431Z [   0% ] [90m[1mexport[22m | Creating APK...[39m[0m
2026-09-24T20:28:08.7321010Z ADDING: META-INF/com/android/build/gradle/app-metadata.properties
2026-09-24T20:28:08.7564687Z ADDING: classes.dex
2026-09-24T20:28:08.9934608Z ADDING: classes10.dex
2026-09-24T20:28:08.9947571Z ADDING: classes11.dex
2026-09-24T20:28:08.9969180Z ADDING: classes12.dex
2026-09-24T20:28:08.9983239Z ADDING: classes13.dex
2026-09-24T20:28:08.9985662Z ADDING: classes2.dex
2026-09-24T20:28:08.9989147Z ADDING: classes3.dex
2026-09-24T20:28:09.0009715Z ADDING: classes4.dex
2026-09-24T20:28:09.0036922Z ADDING: classes5.dex
2026-09-24T20:28:09.0047598Z ADDING: classes6.dex
2026-09-24T20:28:09.0073388Z ADDING: classes7.dex
2026-09-24T20:28:09.0136974Z ADDING: classes8.dex
2026-09-24T20:28:09.0144901Z ADDING: classes9.dex
2026-09-24T20:28:09.0202492Z ADDING: lib/arm64-v8a/libc++_shared.so
2026-09-24T20:28:09.3542655Z ADDING: lib/arm64-v8a/libgodot_android.so
2026-09-24T20:28:12.5994390Z ADDING: lib/x86_64/libc++_shared.so
2026-09-24T20:28:12.9746812Z ADDING: lib/x86_64/libgodot_android.so
2026-09-24T20:28:16.1816874Z Adding application metadata org.godotengine.rendering.method
2026-09-24T20:28:16.1817603Z Adding application metadata org.godotengine.editor.version
2026-09-24T20:28:16.1818172Z Adding feature android.hardware.vulkan.level
2026-09-24T20:28:16.1818666Z Adding feature android.hardware.vulkan.version
2026-09-24T20:28:16.1819141Z Adding permission android.permission.VIBRATE
2026-09-24T20:28:16.1820248Z Adding permission android.permission.WAKE_LOCK
2026-09-24T20:28:16.1821075Z ADDING: AndroidManifest.xml
2026-09-24T20:28:16.1821606Z ADDING: res/anim-v21/fragment_fast_out_extra_slow_in.xml
2026-09-24T20:28:16.1822711Z ADDING: res/animator/fragment_close_enter.xml
2026-09-24T20:28:16.1823564Z ADDING: res/animator/fragment_close_exit.xml
2026-09-24T20:28:16.1823977Z ADDING: res/animator/fragment_fade_enter.xml
2026-09-24T20:28:16.1824741Z ADDING: res/animator/fragment_fade_exit.xml
2026-09-24T20:28:16.1825509Z ADDING: res/animator/fragment_open_enter.xml
2026-09-24T20:28:16.1826482Z ADDING: res/animator/fragment_open_exit.xml
2026-09-24T20:28:16.1827516Z ADDING: res/drawable-hdpi-v4/notification_bg_low_normal.9.png
2026-09-24T20:28:16.1828560Z ADDING: res/drawable-hdpi-v4/notification_bg_low_pressed.9.png
2026-09-24T20:28:16.1829542Z ADDING: res/drawable-hdpi-v4/notification_bg_normal.9.png
2026-09-24T20:28:16.1830565Z ADDING: res/drawable-hdpi-v4/notification_bg_normal_pressed.9.png
2026-09-24T20:28:16.1831637Z ADDING: res/drawable-hdpi-v4/notify_panel_notification_icon_bg.png
2026-09-24T20:28:16.1832670Z ADDING: res/drawable-mdpi-v4/notification_bg_low_normal.9.png
2026-09-24T20:28:16.1833991Z ADDING: res/drawable-mdpi-v4/notification_bg_low_pressed.9.png
2026-09-24T20:28:16.1834740Z ADDING: res/drawable-mdpi-v4/notification_bg_normal.9.png
2026-09-24T20:28:16.1835640Z ADDING: res/drawable-mdpi-v4/notification_bg_normal_pressed.9.png
2026-09-24T20:28:16.1836644Z ADDING: res/drawable-mdpi-v4/notify_panel_notification_icon_bg.png
2026-09-24T20:28:16.1837559Z ADDING: res/drawable-v21/notification_action_background.xml
2026-09-24T20:28:16.1838354Z ADDING: res/drawable-v23/compat_splash_screen.xml
2026-09-24T20:28:16.1839210Z ADDING: res/drawable-v23/compat_splash_screen_no_icon_background.xml
2026-09-24T20:28:16.1840250Z ADDING: res/drawable-xhdpi-v4/notification_bg_low_normal.9.png
2026-09-24T20:28:16.1841184Z ADDING: res/drawable-xhdpi-v4/notification_bg_low_pressed.9.png
2026-09-24T20:28:16.1842055Z ADDING: res/drawable-xhdpi-v4/notification_bg_normal.9.png
2026-09-24T20:28:16.1842950Z ADDING: res/drawable-xhdpi-v4/notification_bg_normal_pressed.9.png
2026-09-24T20:28:16.1844156Z ADDING: res/drawable-xhdpi-v4/notify_panel_notification_icon_bg.png
2026-09-24T20:28:16.1844925Z ADDING: res/drawable/icon_background.xml
2026-09-24T20:28:16.1845549Z ADDING: res/drawable/notification_bg.xml
2026-09-24T20:28:16.1846169Z ADDING: res/drawable/notification_bg_low.xml
2026-09-24T20:28:16.1846895Z ADDING: res/drawable/notification_icon_background.xml
2026-09-24T20:28:16.1854323Z ADDING: res/drawable/notification_tile_bg.xml
2026-09-24T20:28:16.1855079Z ADDING: res/drawable/splash_branding_image.webp
2026-09-24T20:28:16.1855743Z ADDING: res/drawable/splash_icon.webp
2026-09-24T20:28:16.1856387Z ADDING: res/layout-v21/notification_action.xml
2026-09-24T20:28:16.1857146Z ADDING: res/layout-v21/notification_action_tombstone.xml
2026-09-24T20:28:16.1857966Z ADDING: res/layout-v21/notification_template_custom_big.xml
2026-09-24T20:28:16.1858806Z ADDING: res/layout-v21/notification_template_icon_group.xml
2026-09-24T20:28:16.1859510Z ADDING: res/layout/custom_dialog.xml
2026-09-24T20:28:16.1860141Z ADDING: res/layout/godot_app_layout.xml
2026-09-24T20:28:16.1860928Z ADDING: res/layout/notification_template_part_chronometer.xml
2026-09-24T20:28:16.1861756Z ADDING: res/layout/notification_template_part_time.xml
2026-09-24T20:28:16.1862461Z ADDING: res/layout/remote_godot_fragment_layout.xml
2026-09-24T20:28:16.1863292Z ADDING: res/layout/snackbar.xml
2026-09-24T20:28:16.1863875Z ADDING: res/layout/splash_screen_view.xml
2026-09-24T20:28:16.1864454Z ADDING: res/mipmap-anydpi-v26/icon.xml
2026-09-24T20:28:16.1865000Z ADDING: res/mipmap-hdpi-v4/icon.webp
2026-09-24T20:28:16.1865622Z ADDING: res/mipmap-hdpi-v4/icon_background.webp
2026-09-24T20:28:16.1866337Z ADDING: res/mipmap-hdpi-v4/icon_foreground.webp
2026-09-24T20:28:16.1867062Z ADDING: res/mipmap-hdpi-v4/icon_monochrome.webp
2026-09-24T20:28:16.1868021Z ADDING: res/mipmap-mdpi-v4/icon.webp
2026-09-24T20:28:16.1868675Z ADDING: res/mipmap-mdpi-v4/icon_background.webp
2026-09-24T20:28:16.1869378Z ADDING: res/mipmap-mdpi-v4/icon_foreground.webp
2026-09-24T20:28:16.1870287Z ADDING: res/mipmap-mdpi-v4/icon_monochrome.webp
2026-09-24T20:28:16.1870946Z ADDING: res/mipmap-xhdpi-v4/icon.webp
2026-09-24T20:28:16.1871628Z ADDING: res/mipmap-xhdpi-v4/icon_background.webp
2026-09-24T20:28:16.1872357Z ADDING: res/mipmap-xhdpi-v4/icon_foreground.webp
2026-09-24T20:28:16.1873267Z ADDING: res/mipmap-xhdpi-v4/icon_monochrome.webp
2026-09-24T20:28:16.1873978Z ADDING: res/mipmap-xxhdpi-v4/icon.webp
2026-09-24T20:28:16.1874683Z ADDING: res/mipmap-xxhdpi-v4/icon_background.webp
2026-09-24T20:28:16.1875413Z ADDING: res/mipmap-xxhdpi-v4/icon_foreground.webp
2026-09-24T20:28:16.1876147Z ADDING: res/mipmap-xxhdpi-v4/icon_monochrome.webp
2026-09-24T20:28:16.1876815Z ADDING: res/mipmap-xxxhdpi-v4/icon.webp
2026-09-24T20:28:16.1877502Z ADDING: res/mipmap-xxxhdpi-v4/icon_background.webp
2026-09-24T20:28:16.1878230Z ADDING: res/mipmap-xxxhdpi-v4/icon_foreground.webp
2026-09-24T20:28:16.1878954Z ADDING: res/mipmap-xxxhdpi-v4/icon_monochrome.webp
2026-09-24T20:28:16.1879563Z ADDING: res/mipmap/icon.webp
2026-09-24T20:28:16.1880106Z ADDING: res/mipmap/icon_background.webp
2026-09-24T20:28:16.1880720Z ADDING: res/mipmap/icon_foreground.webp
2026-09-24T20:28:16.1881304Z ADDING: res/mipmap/icon_monochrome.webp
2026-09-24T20:28:16.1881917Z ADDING: res/xml/godot_provider_paths.xml
2026-09-24T20:28:16.1882481Z ADDING: resources.arsc
2026-09-24T20:28:16.1882948Z ADDING: DebugProbesKt.bin
2026-09-24T20:28:16.1883758Z ADDING: META-INF/androidx.activity_activity.version
2026-09-24T20:28:16.1884672Z ADDING: META-INF/androidx.annotation_annotation-experimental.version
2026-09-24T20:28:16.1885583Z ADDING: META-INF/androidx.arch.core_core-runtime.version
2026-09-24T20:28:16.1886320Z ADDING: META-INF/androidx.core_core-ktx.version
2026-09-24T20:28:16.1887073Z ADDING: META-INF/androidx.core_core-splashscreen.version
2026-09-24T20:28:16.1887785Z ADDING: META-INF/androidx.core_core.version
2026-09-24T20:28:16.1888500Z ADDING: META-INF/androidx.customview_customview.version
2026-09-24T20:28:16.1889333Z ADDING: META-INF/androidx.documentfile_documentfile.version
2026-09-24T20:28:16.1890118Z ADDING: META-INF/androidx.fragment_fragment.version
2026-09-24T20:28:16.1890993Z ADDING: META-INF/androidx.lifecycle_lifecycle-livedata-core.version
2026-09-24T20:28:16.1891907Z ADDING: META-INF/androidx.lifecycle_lifecycle-livedata.version
2026-09-24T20:28:16.1892705Z ADDING: META-INF/androidx.lifecycle_lifecycle-runtime.version
2026-09-24T20:28:16.1893921Z ADDING: META-INF/androidx.lifecycle_lifecycle-viewmodel-savedstate.version
2026-09-24T20:28:16.1894945Z ADDING: META-INF/androidx.lifecycle_lifecycle-viewmodel.version
2026-09-24T20:28:16.1895728Z ADDING: META-INF/androidx.loader_loader.version
2026-09-24T20:28:16.1896569Z ADDING: META-INF/androidx.profileinstaller_profileinstaller.version
2026-09-24T20:28:16.1897450Z ADDING: META-INF/androidx.savedstate_savedstate.version
2026-09-24T20:28:16.1898251Z ADDING: META-INF/androidx.startup_startup-runtime.version
2026-09-24T20:28:16.1899012Z ADDING: META-INF/androidx.tracing_tracing.version
2026-09-24T20:28:16.1934323Z ADDING: META-INF/androidx.versionedparcelable_versionedparcelable.version
2026-09-24T20:28:16.1935327Z ADDING: META-INF/androidx.viewpager_viewpager.version
2026-09-24T20:28:16.1936076Z ADDING: META-INF/kotlinx_coroutines_android.version
2026-09-24T20:28:16.1936764Z ADDING: META-INF/kotlinx_coroutines_core.version
2026-09-24T20:28:16.1937635Z ADDING: META-INF/services/kotlinx.coroutines.CoroutineExceptionHandler
2026-09-24T20:28:16.1938694Z ADDING: META-INF/services/kotlinx.coroutines.internal.MainDispatcherFactory
2026-09-24T20:28:16.1939574Z ADDING: META-INF/versions/9/OSGI-INF/MANIFEST.MF
2026-09-24T20:28:16.1940283Z ADDING: kotlin/annotation/annotation.kotlin_builtins
2026-09-24T20:28:16.1941030Z ADDING: kotlin/collections/collections.kotlin_builtins
2026-09-24T20:28:16.1942078Z ADDING: kotlin/concurrent/atomics/atomics.kotlin_builtins
2026-09-24T20:28:16.1942908Z ADDING: kotlin/coroutines/coroutines.kotlin_builtins
2026-09-24T20:28:16.1944099Z ADDING: kotlin/internal/internal.kotlin_builtins
2026-09-24T20:28:16.1944732Z ADDING: kotlin/kotlin.kotlin_builtins
2026-09-24T20:28:16.1945405Z ADDING: kotlin/ranges/ranges.kotlin_builtins
2026-09-24T20:28:16.1946060Z ADDING: kotlin/reflect/reflect.kotlin_builtins
2026-09-24T20:28:16.1947051Z [   0% ] [90m[1mexport[22m | Adding files...[39m[0m
2026-09-24T20:28:16.2722296Z [  99% ] [90m[1mexport[22m | Aligning APK...[39m[0m
2026-09-24T20:28:16.4364523Z [92m[ DONE ][39m [1mexport[22m
2026-09-24T20:28:16.4365103Z [0m
2026-09-24T20:28:17.0164735Z cannot connect to daemon at tcp:5037: Connection refused
2026-09-24T20:28:17.1859861Z total 55M
2026-09-24T20:28:17.1860694Z -rw-r--r-- 1 runner runner 55M Sep 24 20:28 vhs-camcorder-unsigned.apk

===== build/system.txt =====
2026-09-24T20:27:14.2870000Z Requested labels: ubuntu-latest
2026-09-24T20:27:14.2870000Z Job defined at: Goyimaticax1/vhs/.github/workflows/build-apk.yml@refs/heads/main
2026-09-24T20:27:14.2870000Z Waiting for a runner to pick up this job...
2026-09-24T20:27:14.2870000Z Evaluating build.if
2026-09-24T20:27:14.2870000Z Evaluating: success()
2026-09-24T20:27:14.2870000Z Result: true
2026-09-24T20:27:14.5360000Z Job is about to start running on the hosted runner: GitHub Actions 1000000049
2026-09-24T20:27:14.5350000Z Job is waiting for a hosted runner to come online.
