workflow:   Extract project zip
run_id:     36052621230
conclusion: success
url:        https://github.com/Goyimaticax1/vhs/actions/runs/36052621230
captured:   2026-09-24T20:06:43Z

===== 0_extract.txt =====
﻿2026-09-24T20:06:29.9139178Z Current runner version: '2.337.0'
2026-09-24T20:06:29.9173963Z ##[group]Runner Image Provisioner
2026-09-24T20:06:29.9175777Z Hosted Compute Agent
2026-09-24T20:06:29.9176746Z Version: 20260828.587
2026-09-24T20:06:29.9177750Z Commit: abac92662cab4cc7352de4f9f9d2e2419aad9c29
2026-09-24T20:06:29.9179051Z Build Date: 2026-08-28T16:44:25Z
2026-09-24T20:06:29.9180156Z Worker ID: {f4240fe3-1a90-45e2-80a5-7869131a98d3}
2026-09-24T20:06:29.9181417Z Azure Region: eastus
2026-09-24T20:06:29.9182456Z ##[endgroup]
2026-09-24T20:06:29.9185406Z ##[group]Operating System
2026-09-24T20:06:29.9186647Z Ubuntu
2026-09-24T20:06:29.9187530Z 24.04.5
2026-09-24T20:06:29.9188427Z LTS
2026-09-24T20:06:29.9189298Z ##[endgroup]
2026-09-24T20:06:29.9190282Z ##[group]Runner Image
2026-09-24T20:06:29.9191315Z Image: ubuntu-24.04
2026-09-24T20:06:29.9192239Z Version: 20260920.314.1
2026-09-24T20:06:29.9194417Z Included Software: https://github.com/actions/runner-images/blob/ubuntu24/20260920.314/images/ubuntu/Ubuntu2404-Readme.md
2026-09-24T20:06:29.9197456Z Image Release: https://github.com/actions/runner-images/releases/tag/ubuntu24%2F20260920.314
2026-09-24T20:06:29.9199140Z ##[endgroup]
2026-09-24T20:06:29.9201046Z ##[group]GITHUB_TOKEN Permissions
2026-09-24T20:06:29.9203685Z Contents: write
2026-09-24T20:06:29.9205395Z Metadata: read
2026-09-24T20:06:29.9206555Z ##[endgroup]
2026-09-24T20:06:29.9209484Z Secret source: Actions
2026-09-24T20:06:29.9211147Z Cache mode: write
2026-09-24T20:06:29.9212810Z Prepare workflow directory
2026-09-24T20:06:29.9692997Z Prepare all required actions
2026-09-24T20:06:29.9764423Z Getting action download info
2026-09-24T20:06:30.1803807Z Download action repository 'actions/checkout@v4' (SHA:11d5960a326750d5838078e36cf38b85af677262)
2026-09-24T20:06:30.3683748Z Complete job name: extract
2026-09-24T20:06:30.4646202Z ##[group]Run actions/checkout@v4
2026-09-24T20:06:30.4647336Z with:
2026-09-24T20:06:30.4647817Z   repository: Goyimaticax1/vhs
2026-09-24T20:06:30.4651904Z   token: ***
2026-09-24T20:06:30.4652395Z   ssh-strict: true
2026-09-24T20:06:30.4652870Z   ssh-user: git
2026-09-24T20:06:30.4653337Z   persist-credentials: true
2026-09-24T20:06:30.4653853Z   clean: true
2026-09-24T20:06:30.4654322Z   sparse-checkout-cone-mode: true
2026-09-24T20:06:30.4654856Z   fetch-depth: 1
2026-09-24T20:06:30.4655683Z   fetch-tags: false
2026-09-24T20:06:30.4656196Z   show-progress: true
2026-09-24T20:06:30.4656665Z   lfs: false
2026-09-24T20:06:30.4657094Z   submodules: false
2026-09-24T20:06:30.4657563Z   set-safe-directory: true
2026-09-24T20:06:30.4658088Z   allow-unsafe-pr-checkout: false
2026-09-24T20:06:30.4658937Z ##[endgroup]
2026-09-24T20:06:30.5692625Z Syncing repository: Goyimaticax1/vhs
2026-09-24T20:06:30.5695905Z ##[group]Getting Git version info
2026-09-24T20:06:30.5697066Z Working directory is '/home/runner/work/vhs/vhs'
2026-09-24T20:06:30.5698888Z [command]/usr/bin/git version
2026-09-24T20:06:30.5786428Z git version 2.55.0
2026-09-24T20:06:30.5830389Z ##[endgroup]
2026-09-24T20:06:30.5841758Z Temporarily overriding HOME='/home/runner/work/_temp/777de521-7f18-4452-b159-84cd808258b2' before making global git config changes
2026-09-24T20:06:30.5844217Z Adding repository directory to the temporary git global config as a safe directory
2026-09-24T20:06:30.5848714Z [command]/usr/bin/git config --global --add safe.directory /home/runner/work/vhs/vhs
2026-09-24T20:06:30.5910115Z Deleting the contents of '/home/runner/work/vhs/vhs'
2026-09-24T20:06:30.5916441Z ##[group]Initializing the repository
2026-09-24T20:06:30.5921488Z [command]/usr/bin/git init /home/runner/work/vhs/vhs
2026-09-24T20:06:30.6049138Z hint: Using 'master' as the name for the initial branch. This default branch name
2026-09-24T20:06:30.6051186Z hint: will change to "main" in Git 3.0. To configure the initial branch name
2026-09-24T20:06:30.6053021Z hint: to use in all of your new repositories, which will suppress this warning,
2026-09-24T20:06:30.6054431Z hint: call:
2026-09-24T20:06:30.6055865Z hint:
2026-09-24T20:06:30.6056956Z hint: 	git config --global init.defaultBranch <name>
2026-09-24T20:06:30.6058610Z hint:
2026-09-24T20:06:30.6059660Z hint: Names commonly chosen instead of 'master' are 'main', 'trunk' and
2026-09-24T20:06:30.6061329Z hint: 'development'. The just-created branch can be renamed via this command:
2026-09-24T20:06:30.6062673Z hint:
2026-09-24T20:06:30.6063391Z hint: 	git branch -m <name>
2026-09-24T20:06:30.6064191Z hint:
2026-09-24T20:06:30.6065598Z hint: Disable this message with "git config set advice.defaultBranchName false"
2026-09-24T20:06:30.6067101Z Initialized empty Git repository in /home/runner/work/vhs/vhs/.git/
2026-09-24T20:06:30.6072856Z [command]/usr/bin/git remote add origin https://github.com/Goyimaticax1/vhs
2026-09-24T20:06:30.6133032Z ##[endgroup]
2026-09-24T20:06:30.6134400Z ##[group]Disabling automatic garbage collection
2026-09-24T20:06:30.6137863Z [command]/usr/bin/git config --local gc.auto 0
2026-09-24T20:06:30.6174433Z ##[endgroup]
2026-09-24T20:06:30.6176263Z ##[group]Setting up auth
2026-09-24T20:06:30.6183798Z [command]/usr/bin/git config --local --name-only --get-regexp core\.sshCommand
2026-09-24T20:06:30.6222774Z [command]/usr/bin/git submodule foreach --recursive sh -c "git config --local --name-only --get-regexp 'core\.sshCommand' && git config --local --unset-all 'core.sshCommand' || :"
2026-09-24T20:06:30.6659015Z [command]/usr/bin/git config --local --name-only --get-regexp http\.https\:\/\/github\.com\/\.extraheader
2026-09-24T20:06:30.6696845Z [command]/usr/bin/git submodule foreach --recursive sh -c "git config --local --name-only --get-regexp 'http\.https\:\/\/github\.com\/\.extraheader' && git config --local --unset-all 'http.https://github.com/.extraheader' || :"
2026-09-24T20:06:30.6929847Z [command]/usr/bin/git config --local --name-only --get-regexp ^includeIf\.gitdir:
2026-09-24T20:06:30.6966702Z [command]/usr/bin/git submodule foreach --recursive git config --local --show-origin --name-only --get-regexp remote.origin.url
2026-09-24T20:06:30.7199746Z [command]/usr/bin/git config --local http.https://github.com/.extraheader AUTHORIZATION: basic ***
2026-09-24T20:06:30.7243308Z ##[endgroup]
2026-09-24T20:06:30.7253152Z ##[group]Fetching the repository
2026-09-24T20:06:30.7254891Z [command]/usr/bin/git -c protocol.version=2 fetch --no-tags --prune --no-recurse-submodules --depth=1 origin +4f9048b713c6ac3daa5d5856e5a3c5b2b5672ae8:refs/remotes/origin/main
2026-09-24T20:06:30.9817083Z From https://github.com/Goyimaticax1/vhs
2026-09-24T20:06:30.9818169Z  * [new ref]         4f9048b713c6ac3daa5d5856e5a3c5b2b5672ae8 -> origin/main
2026-09-24T20:06:30.9822030Z ##[endgroup]
2026-09-24T20:06:30.9822916Z ##[group]Determining the checkout info
2026-09-24T20:06:30.9824377Z ##[endgroup]
2026-09-24T20:06:30.9831115Z [command]/usr/bin/git sparse-checkout disable
2026-09-24T20:06:30.9892604Z [command]/usr/bin/git config --local --unset-all extensions.worktreeConfig
2026-09-24T20:06:30.9925902Z ##[group]Checking out the ref
2026-09-24T20:06:30.9930124Z [command]/usr/bin/git checkout --progress --force -B main refs/remotes/origin/main
2026-09-24T20:06:31.0013184Z Switched to a new branch 'main'
2026-09-24T20:06:31.0019634Z branch 'main' set up to track 'origin/main'.
2026-09-24T20:06:31.0025745Z ##[endgroup]
2026-09-24T20:06:31.0072712Z [command]/usr/bin/git log -1 --format=%H
2026-09-24T20:06:31.0100059Z 4f9048b713c6ac3daa5d5856e5a3c5b2b5672ae8
2026-09-24T20:06:31.0388015Z ##[group]Run rm -rf project _tmp_extract
2026-09-24T20:06:31.0388847Z [36;1mrm -rf project _tmp_extract[0m
2026-09-24T20:06:31.0389486Z [36;1mmkdir -p _tmp_extract[0m
2026-09-24T20:06:31.0390232Z [36;1munzip -o VHS_Camcorder_Godot48_Nodes.zip -d _tmp_extract[0m
2026-09-24T20:06:31.0391005Z [36;1mmkdir -p project[0m
2026-09-24T20:06:31.0391691Z [36;1mcp -a _tmp_extract/VHS_Camcorder_Godot48_Nodes/. project/[0m
2026-09-24T20:06:31.0392450Z [36;1mrm -rf _tmp_extract[0m
2026-09-24T20:06:31.0393037Z [36;1mfind project -type f | sort[0m
2026-09-24T20:06:31.0739491Z shell: /usr/bin/bash -e {0}
2026-09-24T20:06:31.0740401Z ##[endgroup]
2026-09-24T20:06:31.0905593Z Archive:  VHS_Camcorder_Godot48_Nodes.zip
2026-09-24T20:06:31.0907119Z    creating: _tmp_extract/VHS_Camcorder_Godot48_Nodes/
2026-09-24T20:06:31.0908693Z    creating: _tmp_extract/VHS_Camcorder_Godot48_Nodes/scenes/
2026-09-24T20:06:31.0910614Z   inflating: _tmp_extract/VHS_Camcorder_Godot48_Nodes/scenes/player.tscn  
2026-09-24T20:06:31.0912787Z   inflating: _tmp_extract/VHS_Camcorder_Godot48_Nodes/scenes/mobile_controls.tscn  
2026-09-24T20:06:31.0915301Z   inflating: _tmp_extract/VHS_Camcorder_Godot48_Nodes/scenes/camcorder_rig.tscn  
2026-09-24T20:06:31.0917393Z   inflating: _tmp_extract/VHS_Camcorder_Godot48_Nodes/scenes/vhs_overlay.tscn  
2026-09-24T20:06:31.0919142Z   inflating: _tmp_extract/VHS_Camcorder_Godot48_Nodes/project.godot  
2026-09-24T20:06:31.0920732Z   inflating: _tmp_extract/VHS_Camcorder_Godot48_Nodes/main.tscn  
2026-09-24T20:06:31.0922248Z    creating: _tmp_extract/VHS_Camcorder_Godot48_Nodes/scripts/
2026-09-24T20:06:31.0923882Z   inflating: _tmp_extract/VHS_Camcorder_Godot48_Nodes/scripts/camera_rig.gd  
2026-09-24T20:06:31.0925957Z   inflating: _tmp_extract/VHS_Camcorder_Godot48_Nodes/scripts/vhs_overlay.gd  
2026-09-24T20:06:31.0927847Z   inflating: _tmp_extract/VHS_Camcorder_Godot48_Nodes/scripts/mobile_controls.gd  
2026-09-24T20:06:31.0929680Z   inflating: _tmp_extract/VHS_Camcorder_Godot48_Nodes/scripts/player.gd  
2026-09-24T20:06:31.0930701Z   inflating: _tmp_extract/VHS_Camcorder_Godot48_Nodes/export_presets.cfg  
2026-09-24T20:06:31.0931676Z   inflating: _tmp_extract/VHS_Camcorder_Godot48_Nodes/README.md  
2026-09-24T20:06:31.0932560Z    creating: _tmp_extract/VHS_Camcorder_Godot48_Nodes/shaders/
2026-09-24T20:06:31.0933533Z   inflating: _tmp_extract/VHS_Camcorder_Godot48_Nodes/shaders/vhs_post.gdshader  
2026-09-24T20:06:31.0992688Z project/README.md
2026-09-24T20:06:31.0993665Z project/export_presets.cfg
2026-09-24T20:06:31.0994596Z project/main.tscn
2026-09-24T20:06:31.0995710Z project/project.godot
2026-09-24T20:06:31.0997010Z project/scenes/camcorder_rig.tscn
2026-09-24T20:06:31.0997961Z project/scenes/mobile_controls.tscn
2026-09-24T20:06:31.0998610Z project/scenes/player.tscn
2026-09-24T20:06:31.0999186Z project/scenes/vhs_overlay.tscn
2026-09-24T20:06:31.0999800Z project/scripts/camera_rig.gd
2026-09-24T20:06:31.1000432Z project/scripts/mobile_controls.gd
2026-09-24T20:06:31.1001045Z project/scripts/player.gd
2026-09-24T20:06:31.1001623Z project/scripts/vhs_overlay.gd
2026-09-24T20:06:31.1002221Z project/shaders/vhs_post.gdshader
2026-09-24T20:06:31.1053702Z ##[group]Run git config user.name "github-actions[bot]"
2026-09-24T20:06:31.1054594Z [36;1mgit config user.name "github-actions[bot]"[0m
2026-09-24T20:06:31.1055746Z [36;1mgit config user.email "41898282+github-actions[bot]@users.noreply.github.com"[0m
2026-09-24T20:06:31.1056662Z [36;1mgit add -A project[0m
2026-09-24T20:06:31.1057264Z [36;1mif git diff --cached --quiet; then[0m
2026-09-24T20:06:31.1057926Z [36;1m  echo "No changes to commit."[0m
2026-09-24T20:06:31.1058516Z [36;1m  exit 0[0m
2026-09-24T20:06:31.1059012Z [36;1mfi[0m
2026-09-24T20:06:31.1059710Z [36;1mgit commit -m "Extract VHS_Camcorder_Godot48_Nodes.zip into project/"[0m
2026-09-24T20:06:31.1060530Z [36;1mfor i in 1 2 3 4 5; do[0m
2026-09-24T20:06:31.1061433Z [36;1m  if git pull --rebase --autostash origin main && git push origin HEAD:main; then[0m
2026-09-24T20:06:31.1062326Z [36;1m    exit 0[0m
2026-09-24T20:06:31.1062811Z [36;1m  fi[0m
2026-09-24T20:06:31.1063269Z [36;1m  sleep 7[0m
2026-09-24T20:06:31.1063795Z [36;1mdone[0m
2026-09-24T20:06:31.1064251Z [36;1mexit 1[0m
2026-09-24T20:06:31.1129471Z shell: /usr/bin/bash -e {0}
2026-09-24T20:06:31.1130067Z ##[endgroup]
2026-09-24T20:06:31.1291474Z No changes to commit.
2026-09-24T20:06:31.1461705Z Post job cleanup.
2026-09-24T20:06:31.2410227Z [command]/usr/bin/git version
2026-09-24T20:06:31.2457483Z git version 2.55.0
2026-09-24T20:06:31.2503675Z Temporarily overriding HOME='/home/runner/work/_temp/c3ca71ed-89db-4e0b-9cae-41df3de69502' before making global git config changes
2026-09-24T20:06:31.2506995Z Adding repository directory to the temporary git global config as a safe directory
2026-09-24T20:06:31.2511625Z [command]/usr/bin/git config --global --add safe.directory /home/runner/work/vhs/vhs
2026-09-24T20:06:31.2554842Z [command]/usr/bin/git config --local --name-only --get-regexp core\.sshCommand
2026-09-24T20:06:31.2593199Z [command]/usr/bin/git submodule foreach --recursive sh -c "git config --local --name-only --get-regexp 'core\.sshCommand' && git config --local --unset-all 'core.sshCommand' || :"
2026-09-24T20:06:31.2851023Z [command]/usr/bin/git config --local --name-only --get-regexp http\.https\:\/\/github\.com\/\.extraheader
2026-09-24T20:06:31.2881732Z http.https://github.com/.extraheader
2026-09-24T20:06:31.2895568Z [command]/usr/bin/git config --local --unset-all http.https://github.com/.extraheader
2026-09-24T20:06:31.2942886Z [command]/usr/bin/git submodule foreach --recursive sh -c "git config --local --name-only --get-regexp 'http\.https\:\/\/github\.com\/\.extraheader' && git config --local --unset-all 'http.https://github.com/.extraheader' || :"
2026-09-24T20:06:31.3211272Z [command]/usr/bin/git config --local --name-only --get-regexp ^includeIf\.gitdir:
2026-09-24T20:06:31.3248038Z [command]/usr/bin/git submodule foreach --recursive git config --local --show-origin --name-only --get-regexp remote.origin.url
2026-09-24T20:06:31.3672197Z Cleaning up orphan processes
2026-09-24T20:06:31.4021520Z ##[warning]Node.js 20 is deprecated. The following actions target Node.js 20 but are being forced to run on Node.js 24: actions/checkout@v4. For more information see: https://github.blog/changelog/2025-09-19-deprecation-of-node-20-on-github-actions-runners/

===== extract/1_Set up job.txt =====
﻿2026-09-24T20:06:29.9138219Z Current runner version: '2.337.0'
2026-09-24T20:06:29.9173936Z ##[group]Runner Image Provisioner
2026-09-24T20:06:29.9175756Z Hosted Compute Agent
2026-09-24T20:06:29.9176738Z Version: 20260828.587
2026-09-24T20:06:29.9177740Z Commit: abac92662cab4cc7352de4f9f9d2e2419aad9c29
2026-09-24T20:06:29.9179037Z Build Date: 2026-08-28T16:44:25Z
2026-09-24T20:06:29.9180149Z Worker ID: {f4240fe3-1a90-45e2-80a5-7869131a98d3}
2026-09-24T20:06:29.9181405Z Azure Region: eastus
2026-09-24T20:06:29.9182444Z ##[endgroup]
2026-09-24T20:06:29.9185382Z ##[group]Operating System
2026-09-24T20:06:29.9186633Z Ubuntu
2026-09-24T20:06:29.9187495Z 24.04.5
2026-09-24T20:06:29.9188421Z LTS
2026-09-24T20:06:29.9189286Z ##[endgroup]
2026-09-24T20:06:29.9190270Z ##[group]Runner Image
2026-09-24T20:06:29.9191308Z Image: ubuntu-24.04
2026-09-24T20:06:29.9192227Z Version: 20260920.314.1
2026-09-24T20:06:29.9194166Z Included Software: https://github.com/actions/runner-images/blob/ubuntu24/20260920.314/images/ubuntu/Ubuntu2404-Readme.md
2026-09-24T20:06:29.9197436Z Image Release: https://github.com/actions/runner-images/releases/tag/ubuntu24%2F20260920.314
2026-09-24T20:06:29.9199127Z ##[endgroup]
2026-09-24T20:06:29.9201033Z ##[group]GITHUB_TOKEN Permissions
2026-09-24T20:06:29.9203662Z Contents: write
2026-09-24T20:06:29.9205379Z Metadata: read
2026-09-24T20:06:29.9206541Z ##[endgroup]
2026-09-24T20:06:29.9209461Z Secret source: Actions
2026-09-24T20:06:29.9211133Z Cache mode: write
2026-09-24T20:06:29.9212793Z Prepare workflow directory
2026-09-24T20:06:29.9692956Z Prepare all required actions
2026-09-24T20:06:29.9764391Z Getting action download info
2026-09-24T20:06:30.1803768Z Download action repository 'actions/checkout@v4' (SHA:11d5960a326750d5838078e36cf38b85af677262)
2026-09-24T20:06:30.3683710Z Complete job name: extract

===== extract/2_Run actions_checkout@v4.txt =====
﻿2026-09-24T20:06:30.4646168Z ##[group]Run actions/checkout@v4
2026-09-24T20:06:30.4647322Z with:
2026-09-24T20:06:30.4647813Z   repository: Goyimaticax1/vhs
2026-09-24T20:06:30.4651900Z   token: ***
2026-09-24T20:06:30.4652391Z   ssh-strict: true
2026-09-24T20:06:30.4652867Z   ssh-user: git
2026-09-24T20:06:30.4653334Z   persist-credentials: true
2026-09-24T20:06:30.4653850Z   clean: true
2026-09-24T20:06:30.4654319Z   sparse-checkout-cone-mode: true
2026-09-24T20:06:30.4654853Z   fetch-depth: 1
2026-09-24T20:06:30.4655658Z   fetch-tags: false
2026-09-24T20:06:30.4656193Z   show-progress: true
2026-09-24T20:06:30.4656663Z   lfs: false
2026-09-24T20:06:30.4657092Z   submodules: false
2026-09-24T20:06:30.4657561Z   set-safe-directory: true
2026-09-24T20:06:30.4658086Z   allow-unsafe-pr-checkout: false
2026-09-24T20:06:30.4658929Z ##[endgroup]
2026-09-24T20:06:30.5692532Z Syncing repository: Goyimaticax1/vhs
2026-09-24T20:06:30.5695883Z ##[group]Getting Git version info
2026-09-24T20:06:30.5696969Z Working directory is '/home/runner/work/vhs/vhs'
2026-09-24T20:06:30.5698880Z [command]/usr/bin/git version
2026-09-24T20:06:30.5786382Z git version 2.55.0
2026-09-24T20:06:30.5830355Z ##[endgroup]
2026-09-24T20:06:30.5841724Z Temporarily overriding HOME='/home/runner/work/_temp/777de521-7f18-4452-b159-84cd808258b2' before making global git config changes
2026-09-24T20:06:30.5844206Z Adding repository directory to the temporary git global config as a safe directory
2026-09-24T20:06:30.5848688Z [command]/usr/bin/git config --global --add safe.directory /home/runner/work/vhs/vhs
2026-09-24T20:06:30.5910070Z Deleting the contents of '/home/runner/work/vhs/vhs'
2026-09-24T20:06:30.5916407Z ##[group]Initializing the repository
2026-09-24T20:06:30.5921455Z [command]/usr/bin/git init /home/runner/work/vhs/vhs
2026-09-24T20:06:30.6049062Z hint: Using 'master' as the name for the initial branch. This default branch name
2026-09-24T20:06:30.6051143Z hint: will change to "main" in Git 3.0. To configure the initial branch name
2026-09-24T20:06:30.6052956Z hint: to use in all of your new repositories, which will suppress this warning,
2026-09-24T20:06:30.6054405Z hint: call:
2026-09-24T20:06:30.6055839Z hint:
2026-09-24T20:06:30.6056939Z hint: 	git config --global init.defaultBranch <name>
2026-09-24T20:06:30.6058588Z hint:
2026-09-24T20:06:30.6059647Z hint: Names commonly chosen instead of 'master' are 'main', 'trunk' and
2026-09-24T20:06:30.6061307Z hint: 'development'. The just-created branch can be renamed via this command:
2026-09-24T20:06:30.6062657Z hint:
2026-09-24T20:06:30.6063383Z hint: 	git branch -m <name>
2026-09-24T20:06:30.6064186Z hint:
2026-09-24T20:06:30.6065580Z hint: Disable this message with "git config set advice.defaultBranchName false"
2026-09-24T20:06:30.6067087Z Initialized empty Git repository in /home/runner/work/vhs/vhs/.git/
2026-09-24T20:06:30.6072829Z [command]/usr/bin/git remote add origin https://github.com/Goyimaticax1/vhs
2026-09-24T20:06:30.6132993Z ##[endgroup]
2026-09-24T20:06:30.6134353Z ##[group]Disabling automatic garbage collection
2026-09-24T20:06:30.6137837Z [command]/usr/bin/git config --local gc.auto 0
2026-09-24T20:06:30.6174407Z ##[endgroup]
2026-09-24T20:06:30.6176239Z ##[group]Setting up auth
2026-09-24T20:06:30.6183771Z [command]/usr/bin/git config --local --name-only --get-regexp core\.sshCommand
2026-09-24T20:06:30.6222742Z [command]/usr/bin/git submodule foreach --recursive sh -c "git config --local --name-only --get-regexp 'core\.sshCommand' && git config --local --unset-all 'core.sshCommand' || :"
2026-09-24T20:06:30.6658945Z [command]/usr/bin/git config --local --name-only --get-regexp http\.https\:\/\/github\.com\/\.extraheader
2026-09-24T20:06:30.6696786Z [command]/usr/bin/git submodule foreach --recursive sh -c "git config --local --name-only --get-regexp 'http\.https\:\/\/github\.com\/\.extraheader' && git config --local --unset-all 'http.https://github.com/.extraheader' || :"
2026-09-24T20:06:30.6929213Z [command]/usr/bin/git config --local --name-only --get-regexp ^includeIf\.gitdir:
2026-09-24T20:06:30.6966652Z [command]/usr/bin/git submodule foreach --recursive git config --local --show-origin --name-only --get-regexp remote.origin.url
2026-09-24T20:06:30.7199673Z [command]/usr/bin/git config --local http.https://github.com/.extraheader AUTHORIZATION: basic ***
2026-09-24T20:06:30.7243264Z ##[endgroup]
2026-09-24T20:06:30.7253118Z ##[group]Fetching the repository
2026-09-24T20:06:30.7254886Z [command]/usr/bin/git -c protocol.version=2 fetch --no-tags --prune --no-recurse-submodules --depth=1 origin +4f9048b713c6ac3daa5d5856e5a3c5b2b5672ae8:refs/remotes/origin/main
2026-09-24T20:06:30.9817003Z From https://github.com/Goyimaticax1/vhs
2026-09-24T20:06:30.9818163Z  * [new ref]         4f9048b713c6ac3daa5d5856e5a3c5b2b5672ae8 -> origin/main
2026-09-24T20:06:30.9822013Z ##[endgroup]
2026-09-24T20:06:30.9822910Z ##[group]Determining the checkout info
2026-09-24T20:06:30.9824363Z ##[endgroup]
2026-09-24T20:06:30.9831089Z [command]/usr/bin/git sparse-checkout disable
2026-09-24T20:06:30.9892523Z [command]/usr/bin/git config --local --unset-all extensions.worktreeConfig
2026-09-24T20:06:30.9925860Z ##[group]Checking out the ref
2026-09-24T20:06:30.9930102Z [command]/usr/bin/git checkout --progress --force -B main refs/remotes/origin/main
2026-09-24T20:06:31.0013138Z Switched to a new branch 'main'
2026-09-24T20:06:31.0019583Z branch 'main' set up to track 'origin/main'.
2026-09-24T20:06:31.0025723Z ##[endgroup]
2026-09-24T20:06:31.0072681Z [command]/usr/bin/git log -1 --format=%H
2026-09-24T20:06:31.0100028Z 4f9048b713c6ac3daa5d5856e5a3c5b2b5672ae8

===== extract/3_Unzip project.txt =====
﻿2026-09-24T20:06:31.0387980Z ##[group]Run rm -rf project _tmp_extract
2026-09-24T20:06:31.0388841Z [36;1mrm -rf project _tmp_extract[0m
2026-09-24T20:06:31.0389482Z [36;1mmkdir -p _tmp_extract[0m
2026-09-24T20:06:31.0390220Z [36;1munzip -o VHS_Camcorder_Godot48_Nodes.zip -d _tmp_extract[0m
2026-09-24T20:06:31.0391001Z [36;1mmkdir -p project[0m
2026-09-24T20:06:31.0391687Z [36;1mcp -a _tmp_extract/VHS_Camcorder_Godot48_Nodes/. project/[0m
2026-09-24T20:06:31.0392447Z [36;1mrm -rf _tmp_extract[0m
2026-09-24T20:06:31.0393033Z [36;1mfind project -type f | sort[0m
2026-09-24T20:06:31.0739450Z shell: /usr/bin/bash -e {0}
2026-09-24T20:06:31.0740395Z ##[endgroup]
2026-09-24T20:06:31.0905542Z Archive:  VHS_Camcorder_Godot48_Nodes.zip
2026-09-24T20:06:31.0907108Z    creating: _tmp_extract/VHS_Camcorder_Godot48_Nodes/
2026-09-24T20:06:31.0908684Z    creating: _tmp_extract/VHS_Camcorder_Godot48_Nodes/scenes/
2026-09-24T20:06:31.0910529Z   inflating: _tmp_extract/VHS_Camcorder_Godot48_Nodes/scenes/player.tscn  
2026-09-24T20:06:31.0912779Z   inflating: _tmp_extract/VHS_Camcorder_Godot48_Nodes/scenes/mobile_controls.tscn  
2026-09-24T20:06:31.0915047Z   inflating: _tmp_extract/VHS_Camcorder_Godot48_Nodes/scenes/camcorder_rig.tscn  
2026-09-24T20:06:31.0917384Z   inflating: _tmp_extract/VHS_Camcorder_Godot48_Nodes/scenes/vhs_overlay.tscn  
2026-09-24T20:06:31.0919134Z   inflating: _tmp_extract/VHS_Camcorder_Godot48_Nodes/project.godot  
2026-09-24T20:06:31.0920724Z   inflating: _tmp_extract/VHS_Camcorder_Godot48_Nodes/main.tscn  
2026-09-24T20:06:31.0922240Z    creating: _tmp_extract/VHS_Camcorder_Godot48_Nodes/scripts/
2026-09-24T20:06:31.0923875Z   inflating: _tmp_extract/VHS_Camcorder_Godot48_Nodes/scripts/camera_rig.gd  
2026-09-24T20:06:31.0925946Z   inflating: _tmp_extract/VHS_Camcorder_Godot48_Nodes/scripts/vhs_overlay.gd  
2026-09-24T20:06:31.0927840Z   inflating: _tmp_extract/VHS_Camcorder_Godot48_Nodes/scripts/mobile_controls.gd  
2026-09-24T20:06:31.0929660Z   inflating: _tmp_extract/VHS_Camcorder_Godot48_Nodes/scripts/player.gd  
2026-09-24T20:06:31.0930697Z   inflating: _tmp_extract/VHS_Camcorder_Godot48_Nodes/export_presets.cfg  
2026-09-24T20:06:31.0931672Z   inflating: _tmp_extract/VHS_Camcorder_Godot48_Nodes/README.md  
2026-09-24T20:06:31.0932556Z    creating: _tmp_extract/VHS_Camcorder_Godot48_Nodes/shaders/
2026-09-24T20:06:31.0933529Z   inflating: _tmp_extract/VHS_Camcorder_Godot48_Nodes/shaders/vhs_post.gdshader  
2026-09-24T20:06:31.0992653Z project/README.md
2026-09-24T20:06:31.0993656Z project/export_presets.cfg
2026-09-24T20:06:31.0994590Z project/main.tscn
2026-09-24T20:06:31.0995697Z project/project.godot
2026-09-24T20:06:31.0996997Z project/scenes/camcorder_rig.tscn
2026-09-24T20:06:31.0997949Z project/scenes/mobile_controls.tscn
2026-09-24T20:06:31.0998606Z project/scenes/player.tscn
2026-09-24T20:06:31.0999183Z project/scenes/vhs_overlay.tscn
2026-09-24T20:06:31.0999789Z project/scripts/camera_rig.gd
2026-09-24T20:06:31.1000429Z project/scripts/mobile_controls.gd
2026-09-24T20:06:31.1001032Z project/scripts/player.gd
2026-09-24T20:06:31.1001619Z project/scripts/vhs_overlay.gd
2026-09-24T20:06:31.1002217Z project/shaders/vhs_post.gdshader

===== extract/4_Commit extracted files.txt =====
﻿2026-09-24T20:06:31.1053679Z ##[group]Run git config user.name "github-actions[bot]"
2026-09-24T20:06:31.1054589Z [36;1mgit config user.name "github-actions[bot]"[0m
2026-09-24T20:06:31.1055740Z [36;1mgit config user.email "41898282+github-actions[bot]@users.noreply.github.com"[0m
2026-09-24T20:06:31.1056659Z [36;1mgit add -A project[0m
2026-09-24T20:06:31.1057261Z [36;1mif git diff --cached --quiet; then[0m
2026-09-24T20:06:31.1057923Z [36;1m  echo "No changes to commit."[0m
2026-09-24T20:06:31.1058512Z [36;1m  exit 0[0m
2026-09-24T20:06:31.1059009Z [36;1mfi[0m
2026-09-24T20:06:31.1059706Z [36;1mgit commit -m "Extract VHS_Camcorder_Godot48_Nodes.zip into project/"[0m
2026-09-24T20:06:31.1060526Z [36;1mfor i in 1 2 3 4 5; do[0m
2026-09-24T20:06:31.1061428Z [36;1m  if git pull --rebase --autostash origin main && git push origin HEAD:main; then[0m
2026-09-24T20:06:31.1062322Z [36;1m    exit 0[0m
2026-09-24T20:06:31.1062807Z [36;1m  fi[0m
2026-09-24T20:06:31.1063266Z [36;1m  sleep 7[0m
2026-09-24T20:06:31.1063742Z [36;1mdone[0m
2026-09-24T20:06:31.1064248Z [36;1mexit 1[0m
2026-09-24T20:06:31.1129456Z shell: /usr/bin/bash -e {0}
2026-09-24T20:06:31.1130063Z ##[endgroup]
2026-09-24T20:06:31.1291429Z No changes to commit.

===== extract/8_Post Run actions_checkout@v4.txt =====
﻿2026-09-24T20:06:31.1461680Z Post job cleanup.
2026-09-24T20:06:31.2410118Z [command]/usr/bin/git version
2026-09-24T20:06:31.2457398Z git version 2.55.0
2026-09-24T20:06:31.2503621Z Temporarily overriding HOME='/home/runner/work/_temp/c3ca71ed-89db-4e0b-9cae-41df3de69502' before making global git config changes
2026-09-24T20:06:31.2506976Z Adding repository directory to the temporary git global config as a safe directory
2026-09-24T20:06:31.2511594Z [command]/usr/bin/git config --global --add safe.directory /home/runner/work/vhs/vhs
2026-09-24T20:06:31.2554801Z [command]/usr/bin/git config --local --name-only --get-regexp core\.sshCommand
2026-09-24T20:06:31.2593163Z [command]/usr/bin/git submodule foreach --recursive sh -c "git config --local --name-only --get-regexp 'core\.sshCommand' && git config --local --unset-all 'core.sshCommand' || :"
2026-09-24T20:06:31.2850920Z [command]/usr/bin/git config --local --name-only --get-regexp http\.https\:\/\/github\.com\/\.extraheader
2026-09-24T20:06:31.2881563Z http.https://github.com/.extraheader
2026-09-24T20:06:31.2895535Z [command]/usr/bin/git config --local --unset-all http.https://github.com/.extraheader
2026-09-24T20:06:31.2942853Z [command]/usr/bin/git submodule foreach --recursive sh -c "git config --local --name-only --get-regexp 'http\.https\:\/\/github\.com\/\.extraheader' && git config --local --unset-all 'http.https://github.com/.extraheader' || :"
2026-09-24T20:06:31.3211185Z [command]/usr/bin/git config --local --name-only --get-regexp ^includeIf\.gitdir:
2026-09-24T20:06:31.3247957Z [command]/usr/bin/git submodule foreach --recursive git config --local --show-origin --name-only --get-regexp remote.origin.url

===== extract/9_Complete job.txt =====
﻿2026-09-24T20:06:31.3672162Z Cleaning up orphan processes
2026-09-24T20:06:31.4021474Z ##[warning]Node.js 20 is deprecated. The following actions target Node.js 20 but are being forced to run on Node.js 24: actions/checkout@v4. For more information see: https://github.blog/changelog/2025-09-19-deprecation-of-node-20-on-github-actions-runners/

===== extract/system.txt =====
2026-09-24T20:06:26.9060000Z Requested labels: ubuntu-latest
2026-09-24T20:06:26.9060000Z Job defined at: Goyimaticax1/vhs/.github/workflows/extract-zip.yml@refs/heads/main
2026-09-24T20:06:26.9060000Z Waiting for a runner to pick up this job...
2026-09-24T20:06:26.9000000Z Evaluating extract.if
2026-09-24T20:06:26.9000000Z Evaluating: success()
2026-09-24T20:06:26.9000000Z Result: true
2026-09-24T20:06:27.4930000Z Job is waiting for a hosted runner to come online.
2026-09-24T20:06:27.4930000Z Job is about to start running on the hosted runner: GitHub Actions 1000000032
